******* ./Test0/sort7.ic ************************
001		/********************************************************************
002		 *
003		 *	Demonstration einer Paketsortiermachine
004		 *	Author:	J.E. Wulff
005		 *	$Id: sort7.lst,v 1.1 2015/11/03 03:23:09 jw Exp $
006		 *
007		 *******************************************************************/
008
009		t100 = TIMER(TX0.4);	// Timerquelle 100 ms
*** Error: strict: assignment to an undeclared 'imm timer': t100 File ./Test0/sort7.ic, line 9

	t100_1  T ---!  t100    !

	iClock  : ---|  t100_1  T
	TX0.4     ---|

010
011		in0 = in4 & IX0.0 | ST(~in4 & ~lock1 & IX0.0, t100, 10);
*** Error: strict: use of an undeclared imm variable: in4 File ./Test0/sort7.ic, line 11
*** Error: strict: use of an undeclared imm variable: lock1 File ./Test0/sort7.ic, line 11
*** Error: strict: assignment to an undeclared imm variable: in0 File ./Test0/sort7.ic, line 11

	in0_1     ---|  in0
	in0_2     ---|

	in4     ? ---&  in0_1
	IX0.0     ---&

	in0_3   S ---#  in0_2
	in0_4   R ---#

	iClock  : ---&  in0_3   S
	in4     ? ---&
	lock1   ? ---&
	IX0.0     ---&

	t100    ? ---|  in0_4   R
	10      A<---|
	in0_2     ---|

012		in1 = in4 & IX0.1 | ST(~in4 & ~lock1 & IX0.1, t100, 10);
*** Error: strict: assignment to an undeclared imm variable: in1 File ./Test0/sort7.ic, line 12

	in1_1     ---|  in1
	in1_2     ---|

	in4     ? ---&  in1_1
	IX0.1     ---&

	in1_3   S ---#  in1_2
	in1_4   R ---#

	iClock  : ---&  in1_3   S
	in4     ? ---&
	lock1   ? ---&
	IX0.1     ---&

	t100    ? ---|  in1_4   R
	10      A<---|
	in1_2     ---|

013		in2 = in4 & IX0.2 | ST(~in4 & ~lock1 & IX0.2, t100, 10);
*** Error: strict: assignment to an undeclared imm variable: in2 File ./Test0/sort7.ic, line 13

	in2_1     ---|  in2
	in2_2     ---|

	in4     ? ---&  in2_1
	IX0.2     ---&

	in2_3   S ---#  in2_2
	in2_4   R ---#

	iClock  : ---&  in2_3   S
	in4     ? ---&
	lock1   ? ---&
	IX0.2     ---&

	t100    ? ---|  in2_4   R
	10      A<---|
	in2_2     ---|

014		in3 = in4 & IX0.3 | ST(~in4 & ~lock1 & IX0.3, t100, 10);
*** Error: strict: assignment to an undeclared imm variable: in3 File ./Test0/sort7.ic, line 14

	in3_1     ---|  in3
	in3_2     ---|

	in4     ? ---&  in3_1
	IX0.3     ---&

	in3_3   S ---#  in3_2
	in3_4   R ---#

	iClock  : ---&  in3_3   S
	in4     ? ---&
	lock1   ? ---&
	IX0.3     ---&

	t100    ? ---|  in3_4   R
	10      A<---|
	in3_2     ---|

015
016		in4 = IX0.4;

	IX0.4     ---?  in4

017
018		c = CLOCK(CHANGE(in4 & IX0.7), ~in4 & TX0.5);	// Taktquelle manuell oder 1 Sek
*** Error: strict: assignment to an undeclared 'imm clock': c File ./Test0/sort7.ic, line 18

	c_1     C ---:  c       :
	c_2     C ---:

	iClock  : ---|  c_1     C
	c_3       ---|

	iClock  : ---&  c_2     C
	in4     ? ---&
	TX0.5     ---&

	c_4     V --->  c_3

	iClock  : ---&  c_4     V
	in4     ? ---&
	IX0.7     ---&

019
020		QX0.0 = tor0;	QX1.0 = m10;	QX2.0 = m18;	QX3.0 = m26;
*** Error: strict: use of an undeclared imm variable: tor0 File ./Test0/sort7.ic, line 20
*** Error: strict: use of an undeclared imm variable: m10 File ./Test0/sort7.ic, line 20
*** Error: strict: use of an undeclared imm variable: m18 File ./Test0/sort7.ic, line 20
*** Error: strict: use of an undeclared imm variable: m26 File ./Test0/sort7.ic, line 20

	tor0      ---?  QX0.0


	QX0.0   ? ---|  QX0.0_0 X


	m10       ---?  QX1.0


	QX1.0   ? ---|  QX1.0_0 X


	m18       ---?  QX2.0


	QX2.0   ? ---|  QX2.0_0 X


	m26       ---?  QX3.0


	QX3.0   ? ---|  QX3.0_0 X

021		QX0.1 = tor1;	QX1.1 = m11;	QX2.1 = m19;	QX3.1 = m27;
*** Error: strict: use of an undeclared imm variable: tor1 File ./Test0/sort7.ic, line 21
*** Error: strict: use of an undeclared imm variable: m11 File ./Test0/sort7.ic, line 21
*** Error: strict: use of an undeclared imm variable: m19 File ./Test0/sort7.ic, line 21
*** Error: strict: use of an undeclared imm variable: m27 File ./Test0/sort7.ic, line 21

	tor1      ---?  QX0.1


	QX0.1   ? ---|  QX0.1_0 X


	m11       ---?  QX1.1


	QX1.1   ? ---|  QX1.1_0 X


	m19       ---?  QX2.1


	QX2.1   ? ---|  QX2.1_0 X


	m27       ---?  QX3.1


	QX3.1   ? ---|  QX3.1_0 X

022		QX0.2 = tor2;	QX1.2 = m12;	QX2.2 = m20;	QX3.2 = m28;
*** Error: strict: use of an undeclared imm variable: tor2 File ./Test0/sort7.ic, line 22
*** Error: strict: use of an undeclared imm variable: m12 File ./Test0/sort7.ic, line 22
*** Error: strict: use of an undeclared imm variable: m20 File ./Test0/sort7.ic, line 22
*** Error: strict: use of an undeclared imm variable: m28 File ./Test0/sort7.ic, line 22

	tor2      ---?  QX0.2


	QX0.2   ? ---|  QX0.2_0 X


	m12       ---?  QX1.2


	QX1.2   ? ---|  QX1.2_0 X


	m20       ---?  QX2.2


	QX2.2   ? ---|  QX2.2_0 X


	m28       ---?  QX3.2


	QX3.2   ? ---|  QX3.2_0 X

023		QX0.3 = tor3;	QX1.3 = m13;	QX2.3 = m21;	QX3.3 = m29;
*** Error: strict: use of an undeclared imm variable: tor3 File ./Test0/sort7.ic, line 23
*** Error: strict: use of an undeclared imm variable: m13 File ./Test0/sort7.ic, line 23
*** Error: strict: use of an undeclared imm variable: m21 File ./Test0/sort7.ic, line 23
*** Error: strict: use of an undeclared imm variable: m29 File ./Test0/sort7.ic, line 23

	tor3      ---?  QX0.3


	QX0.3   ? ---|  QX0.3_0 X


	m13       ---?  QX1.3


	QX1.3   ? ---|  QX1.3_0 X


	m21       ---?  QX2.3


	QX2.3   ? ---|  QX2.3_0 X


	m29       ---?  QX3.3


	QX3.3   ? ---|  QX3.3_0 X

024		QX0.4 = m06;	QX1.4 = m14;	QX2.4 = m22;	QX3.4 = m30;
*** Error: strict: use of an undeclared imm variable: m06 File ./Test0/sort7.ic, line 24
*** Error: strict: use of an undeclared imm variable: m14 File ./Test0/sort7.ic, line 24
*** Error: strict: use of an undeclared imm variable: m22 File ./Test0/sort7.ic, line 24
*** Error: strict: use of an undeclared imm variable: m30 File ./Test0/sort7.ic, line 24

	m06       ---?  QX0.4


	QX0.4   ? ---|  QX0.4_0 X


	m14       ---?  QX1.4


	QX1.4   ? ---|  QX1.4_0 X


	m22       ---?  QX2.4


	QX2.4   ? ---|  QX2.4_0 X


	m30       ---?  QX3.4


	QX3.4   ? ---|  QX3.4_0 X

025		QX0.5 = m07;	QX1.5 = m15;	QX2.5 = m23;	QX3.5 = m31;
*** Error: strict: use of an undeclared imm variable: m07 File ./Test0/sort7.ic, line 25
*** Error: strict: use of an undeclared imm variable: m15 File ./Test0/sort7.ic, line 25
*** Error: strict: use of an undeclared imm variable: m23 File ./Test0/sort7.ic, line 25
*** Error: strict: use of an undeclared imm variable: m31 File ./Test0/sort7.ic, line 25

	m07       ---?  QX0.5


	QX0.5   ? ---|  QX0.5_0 X


	m15       ---?  QX1.5


	QX1.5   ? ---|  QX1.5_0 X


	m23       ---?  QX2.5


	QX2.5   ? ---|  QX2.5_0 X


	m31       ---?  QX3.5


	QX3.5   ? ---|  QX3.5_0 X

026		QX0.6 = m08;	QX1.6 = m16;	QX2.6 = m24;	QX3.6 = m32;
*** Error: strict: use of an undeclared imm variable: m08 File ./Test0/sort7.ic, line 26
*** Error: strict: use of an undeclared imm variable: m16 File ./Test0/sort7.ic, line 26
*** Error: strict: use of an undeclared imm variable: m24 File ./Test0/sort7.ic, line 26
*** Error: strict: use of an undeclared imm variable: m32 File ./Test0/sort7.ic, line 26

	m08       ---?  QX0.6


	QX0.6   ? ---|  QX0.6_0 X


	m16       ---?  QX1.6


	QX1.6   ? ---|  QX1.6_0 X


	m24       ---?  QX2.6


	QX2.6   ? ---|  QX2.6_0 X


	m32       ---?  QX3.6


	QX3.6   ? ---|  QX3.6_0 X

027		QX0.7 = m09;	QX1.7 = m17;	QX2.7 = m25;	QX3.7 = m33;
*** Error: strict: use of an undeclared imm variable: m09 File ./Test0/sort7.ic, line 27
*** Error: strict: use of an undeclared imm variable: m17 File ./Test0/sort7.ic, line 27
*** Error: strict: use of an undeclared imm variable: m25 File ./Test0/sort7.ic, line 27
*** Error: strict: use of an undeclared imm variable: m33 File ./Test0/sort7.ic, line 27

	m09       ---?  QX0.7


	QX0.7   ? ---|  QX0.7_0 X


	m17       ---?  QX1.7


	QX1.7   ? ---|  QX1.7_0 X


	m25       ---?  QX2.7


	QX2.7   ? ---|  QX2.7_0 X


	m33       ---?  QX3.7


	QX3.7   ? ---|  QX3.7_0 X

028
029		QX4.0 = m34;	QX5.0 = m42;	QX6.0 = m50;
*** Error: strict: use of an undeclared imm variable: m34 File ./Test0/sort7.ic, line 29
*** Error: strict: use of an undeclared imm variable: m42 File ./Test0/sort7.ic, line 29
*** Error: strict: use of an undeclared imm variable: m50 File ./Test0/sort7.ic, line 29

	m34       ---?  QX4.0


	QX4.0   ? ---|  QX4.0_0 X


	m42       ---?  QX5.0


	QX5.0   ? ---|  QX5.0_0 X


	m50       ---?  QX6.0


	QX6.0   ? ---|  QX6.0_0 X

030		QX4.1 = m35;	QX5.1 = m43;	QX6.1 = m51;
*** Error: strict: use of an undeclared imm variable: m35 File ./Test0/sort7.ic, line 30
*** Error: strict: use of an undeclared imm variable: m43 File ./Test0/sort7.ic, line 30
*** Error: strict: use of an undeclared imm variable: m51 File ./Test0/sort7.ic, line 30

	m35       ---?  QX4.1


	QX4.1   ? ---|  QX4.1_0 X


	m43       ---?  QX5.1


	QX5.1   ? ---|  QX5.1_0 X


	m51       ---?  QX6.1


	QX6.1   ? ---|  QX6.1_0 X

031		QX4.2 = m36;	QX5.2 = m44;	QX6.2 = m52;
*** Error: strict: use of an undeclared imm variable: m36 File ./Test0/sort7.ic, line 31
*** Error: strict: use of an undeclared imm variable: m44 File ./Test0/sort7.ic, line 31
*** Error: strict: use of an undeclared imm variable: m52 File ./Test0/sort7.ic, line 31

	m36       ---?  QX4.2


	QX4.2   ? ---|  QX4.2_0 X


	m44       ---?  QX5.2


	QX5.2   ? ---|  QX5.2_0 X


	m52       ---?  QX6.2


	QX6.2   ? ---|  QX6.2_0 X

032		QX4.3 = m37;	QX5.3 = m45;	QX6.3 = m53;
*** Error: strict: use of an undeclared imm variable: m37 File ./Test0/sort7.ic, line 32
*** Error: strict: use of an undeclared imm variable: m45 File ./Test0/sort7.ic, line 32
*** Error: strict: use of an undeclared imm variable: m53 File ./Test0/sort7.ic, line 32

	m37       ---?  QX4.3


	QX4.3   ? ---|  QX4.3_0 X


	m45       ---?  QX5.3


	QX5.3   ? ---|  QX5.3_0 X


	m53       ---?  QX6.3


	QX6.3   ? ---|  QX6.3_0 X

033		QX4.4 = m38;	QX5.4 = m46;	QX6.4 = m54;
*** Error: strict: use of an undeclared imm variable: m38 File ./Test0/sort7.ic, line 33
*** Error: strict: use of an undeclared imm variable: m46 File ./Test0/sort7.ic, line 33
*** Error: strict: use of an undeclared imm variable: m54 File ./Test0/sort7.ic, line 33

	m38       ---?  QX4.4


	QX4.4   ? ---|  QX4.4_0 X


	m46       ---?  QX5.4


	QX5.4   ? ---|  QX5.4_0 X


	m54       ---?  QX6.4


	QX6.4   ? ---|  QX6.4_0 X

034		QX4.5 = m39;	QX5.5 = m47;	QX6.5 = m55;
*** Error: strict: use of an undeclared imm variable: m39 File ./Test0/sort7.ic, line 34
*** Error: strict: use of an undeclared imm variable: m47 File ./Test0/sort7.ic, line 34
*** Error: strict: use of an undeclared imm variable: m55 File ./Test0/sort7.ic, line 34

	m39       ---?  QX4.5


	QX4.5   ? ---|  QX4.5_0 X


	m47       ---?  QX5.5


	QX5.5   ? ---|  QX5.5_0 X


	m55       ---?  QX6.5


	QX6.5   ? ---|  QX6.5_0 X

035		QX4.6 = m40;	QX5.6 = m48;	QX6.6 = pip;
*** Error: strict: use of an undeclared imm variable: m40 File ./Test0/sort7.ic, line 35
*** Error: strict: use of an undeclared imm variable: m48 File ./Test0/sort7.ic, line 35
*** Error: strict: use of an undeclared imm variable: pip File ./Test0/sort7.ic, line 35

	m40       ---?  QX4.6


	QX4.6   ? ---|  QX4.6_0 X


	m48       ---?  QX5.6


	QX5.6   ? ---|  QX5.6_0 X


	pip       ---?  QX6.6


	QX6.6   ? ---|  QX6.6_0 X

036		QX4.7 = m41;	QX5.7 = m49;	QX6.7 = lock1;
*** Error: strict: use of an undeclared imm variable: m41 File ./Test0/sort7.ic, line 36
*** Error: strict: use of an undeclared imm variable: m49 File ./Test0/sort7.ic, line 36

	m41       ---?  QX4.7


	QX4.7   ? ---|  QX4.7_0 X


	m49       ---?  QX5.7


	QX5.7   ? ---|  QX5.7_0 X


	lock1     ---?  QX6.7


	QX6.7   ? ---|  QX6.7_0 X

037
038		/********************************************************************
039		 *
040		 *	Machinensteurung
041		 *
042		 *******************************************************************/
043
044		pip = RISE((in0 | in1 | in2 | in3) & ~lock1, c);

	pip_1   E ---?  pip

	c       ? ---&  pip_1   E
	pip_2     ---&
	lock1   ? ---&

	in0     ? ---|  pip_2
	in1     ? ---|
	in2     ? ---|
	in3     ? ---|

045		lock1 = SR(pip, m11 & m14, c);	// unlock after suitable gap

	lock1_1 S ---?  lock1
	lock1_2 R ---?

	c       ? ---|  lock1_1 S
	pip     ? ---|

	c       ? ---&  lock1_2 R
	m11     ? ---&
	m14     ? ---&

046
047		m06 = D(pip, c);

	m06_1   D ---?  m06

	c       ? ---|  m06_1   D
	pip     ? ---|

048		m07 = D(m06 | pip & in2        | pip & in3, c);

	m07_1   D ---?  m07

	c       ? ---|  m07_1   D
	m06     ? ---|
	m07_2     ---|
	m07_3     ---|

	pip     ? ---&  m07_2
	in2     ? ---&

	pip     ? ---&  m07_3
	in3     ? ---&

049		m08 = D(m07 | pip & in1 & ~in2 | pip & in3, c);

	m08_1   D ---?  m08

	c       ? ---|  m08_1   D
	m07     ? ---|
	m08_2     ---|
	m08_3     ---|

	pip     ? ---&  m08_2
	in1     ? ---&
	in2     ? ---&

	pip     ? ---&  m08_3
	in3     ? ---&

050		m09 = D(m08 | pip, c);

	m09_1   D ---?  m09

	c       ? ---|  m09_1   D
	m08     ? ---|
	pip     ? ---|

051
052		m10 = D(m09, c);  m20 = D(m19, c);  m30 = D(m29, c);  m40 = D(m39, c);  m50 = D(m49, c);

	m10_1   D ---?  m10

	c       ? ---|  m10_1   D
	m09     ? ---|


	m20_1   D ---?  m20

	c       ? ---|  m20_1   D
	m19     ? ---|


	m30_1   D ---?  m30

	c       ? ---|  m30_1   D
	m29     ? ---|


	m40_1   D ---?  m40

	c       ? ---|  m40_1   D
	m39     ? ---|


	m50_1   D ---?  m50

	c       ? ---|  m50_1   D
	m49     ? ---|

053		m11 = D(m10, c);  m21 = D(m20, c);  m31 = D(m30, c);  m41 = D(m40, c);  m51 = D(m50, c);

	m11_1   D ---?  m11

	c       ? ---|  m11_1   D
	m10     ? ---|


	m21_1   D ---?  m21

	c       ? ---|  m21_1   D
	m20     ? ---|


	m31_1   D ---?  m31

	c       ? ---|  m31_1   D
	m30     ? ---|


	m41_1   D ---?  m41

	c       ? ---|  m41_1   D
	m40     ? ---|


	m51_1   D ---?  m51

	c       ? ---|  m51_1   D
	m50     ? ---|

054		m12 = D(m11, c);  m22 = D(m21, c);  m32 = D(m31, c);  m42 = D(m41, c);  m52 = D(m51, c);

	m12_1   D ---?  m12

	c       ? ---|  m12_1   D
	m11     ? ---|


	m22_1   D ---?  m22

	c       ? ---|  m22_1   D
	m21     ? ---|


	m32_1   D ---?  m32

	c       ? ---|  m32_1   D
	m31     ? ---|


	m42_1   D ---?  m42

	c       ? ---|  m42_1   D
	m41     ? ---|


	m52_1   D ---?  m52

	c       ? ---|  m52_1   D
	m51     ? ---|

055		m13 = D(m12, c);  m23 = D(m22, c);  m33 = D(m32, c);  m43 = D(m42, c);  m53 = D(m52, c);

	m13_1   D ---?  m13

	c       ? ---|  m13_1   D
	m12     ? ---|


	m23_1   D ---?  m23

	c       ? ---|  m23_1   D
	m22     ? ---|


	m33_1   D ---?  m33

	c       ? ---|  m33_1   D
	m32     ? ---|


	m43_1   D ---?  m43

	c       ? ---|  m43_1   D
	m42     ? ---|


	m53_1   D ---?  m53

	c       ? ---|  m53_1   D
	m52     ? ---|

056		m14 = D(m13, c);  m24 = D(m23, c);  m34 = D(m33, c);  m44 = D(m43, c);  m54 = D(m53, c);

	m14_1   D ---?  m14

	c       ? ---|  m14_1   D
	m13     ? ---|


	m24_1   D ---?  m24

	c       ? ---|  m24_1   D
	m23     ? ---|


	m34_1   D ---?  m34

	c       ? ---|  m34_1   D
	m33     ? ---|


	m44_1   D ---?  m44

	c       ? ---|  m44_1   D
	m43     ? ---|


	m54_1   D ---?  m54

	c       ? ---|  m54_1   D
	m53     ? ---|

057		m15 = D(m14, c);  m25 = D(m24, c);  m35 = D(m34, c);  m45 = D(m44, c);  m55 = D(m54, c);

	m15_1   D ---?  m15

	c       ? ---|  m15_1   D
	m14     ? ---|


	m25_1   D ---?  m25

	c       ? ---|  m25_1   D
	m24     ? ---|


	m35_1   D ---?  m35

	c       ? ---|  m35_1   D
	m34     ? ---|


	m45_1   D ---?  m45

	c       ? ---|  m45_1   D
	m44     ? ---|


	m55_1   D ---?  m55

	c       ? ---|  m55_1   D
	m54     ? ---|

058		m16 = D(m15, c);  m26 = D(m25, c);  m36 = D(m35, c);  m46 = D(m45, c);

	m16_1   D ---?  m16

	c       ? ---|  m16_1   D
	m15     ? ---|


	m26_1   D ---?  m26

	c       ? ---|  m26_1   D
	m25     ? ---|


	m36_1   D ---?  m36

	c       ? ---|  m36_1   D
	m35     ? ---|


	m46_1   D ---?  m46

	c       ? ---|  m46_1   D
	m45     ? ---|

059		m17 = D(m16, c);  m27 = D(m26, c);  m37 = D(m36, c);  m47 = D(m46, c);

	m17_1   D ---?  m17

	c       ? ---|  m17_1   D
	m16     ? ---|


	m27_1   D ---?  m27

	c       ? ---|  m27_1   D
	m26     ? ---|


	m37_1   D ---?  m37

	c       ? ---|  m37_1   D
	m36     ? ---|


	m47_1   D ---?  m47

	c       ? ---|  m47_1   D
	m46     ? ---|

060		m18 = D(m17, c);  m28 = D(m27, c);  m38 = D(m37, c);  m48 = D(m47, c);

	m18_1   D ---?  m18

	c       ? ---|  m18_1   D
	m17     ? ---|


	m28_1   D ---?  m28

	c       ? ---|  m28_1   D
	m27     ? ---|


	m38_1   D ---?  m38

	c       ? ---|  m38_1   D
	m37     ? ---|


	m48_1   D ---?  m48

	c       ? ---|  m48_1   D
	m47     ? ---|

061		m19 = D(m18, c);  m29 = D(m28, c);  m39 = D(m38, c);  m49 = D(m48, c);

	m19_1   D ---?  m19

	c       ? ---|  m19_1   D
	m18     ? ---|


	m29_1   D ---?  m29

	c       ? ---|  m29_1   D
	m28     ? ---|


	m39_1   D ---?  m39

	c       ? ---|  m39_1   D
	m38     ? ---|


	m49_1   D ---?  m49

	c       ? ---|  m49_1   D
	m48     ? ---|

062
063		tor0 = SR( m19 & ~m18 & ~m17 &  m16, m25 & m22, c);

	tor0_1  S ---?  tor0
	tor0_2  R ---?

	c       ? ---&  tor0_1  S
	m19     ? ---&
	m18     ? ---&
	m17     ? ---&
	m16     ? ---&

	c       ? ---&  tor0_2  R
	m25     ? ---&
	m22     ? ---&

064		tor1 = SR( m29 &  m28 & ~m27 &  m26, m35 & m32, c);

	tor1_1  S ---?  tor1
	tor1_2  R ---?

	c       ? ---&  tor1_1  S
	m29     ? ---&
	m28     ? ---&
	m27     ? ---&
	m26     ? ---&

	c       ? ---&  tor1_2  R
	m35     ? ---&
	m32     ? ---&

065		tor2 = SR( m39 & ~m38 &  m37 &  m36, m45 & m42, c);

	tor2_1  S ---?  tor2
	tor2_2  R ---?

	c       ? ---&  tor2_1  S
	m39     ? ---&
	m38     ? ---&
	m37     ? ---&
	m36     ? ---&

	c       ? ---&  tor2_2  R
	m45     ? ---&
	m42     ? ---&

066		tor3 = SR( m49 &  m48 &  m47 &  m46, m55 & m52, c);

	tor3_1  S ---?  tor3
	tor3_2  R ---?

	c       ? ---&  tor3_1  S
	m49     ? ---&
	m48     ? ---&
	m47     ? ---&
	m46     ? ---&

	c       ? ---&  tor3_2  R
	m55     ? ---&
	m52     ? ---&

067
068	/*******************************************************************************************************
069	 * m06 m08 m10 m12 m14 m16 m18 m20 m22 m24 m26 m28 m30 m32 m34 m36 m38 m40 m42 m44 m46 m48 m50 m52 m54
070	 * m07 m09 m11 m13 m15 m17 m19 m21 m23 m25 m27 m29 m31 m33 m35 m37 m39 m41 m43 m45 m47 m49 m51 m53 m55
071	 * lock1...................           tor0.....           tor1.....           tor2.....           tor3
072	 ******************************************************************************************************/

******* NET TOPOLOGY    ************************

10      =  A <in0_4| <in1_4| <in2_4| <in3_4|
IX0.0   <     in0_3&  in0_1&
IX0.1   <     in1_3&  in1_1&
IX0.2   <     in2_3&  in2_1&
IX0.3   <     in3_3&  in3_1&
IX0.4   <    ~in0_3&  in0_1& ~in1_3&  in1_1& ~in2_3&  in2_1& ~in3_3&  in3_1&
IX0.7   <     c_4&
QX0.0   ?     tor0?     QX0.0_0|
*** Error: gate: QX0.0 File ./Test0/sort7.ic, line 73
QX0.0_0 |  X
QX0.1   ?     tor1?     QX0.1_0|
*** Error: gate: QX0.1 File ./Test0/sort7.ic, line 73
QX0.1_0 |  X
QX0.2   ?     tor2?     QX0.2_0|
*** Error: gate: QX0.2 File ./Test0/sort7.ic, line 73
QX0.2_0 |  X
QX0.3   ?     tor3?     QX0.3_0|
*** Error: gate: QX0.3 File ./Test0/sort7.ic, line 73
QX0.3_0 |  X
QX0.4   ?     m06?      QX0.4_0|
*** Error: gate: QX0.4 File ./Test0/sort7.ic, line 73
QX0.4_0 |  X
QX0.5   ?     m07?      QX0.5_0|
*** Error: gate: QX0.5 File ./Test0/sort7.ic, line 73
QX0.5_0 |  X
QX0.6   ?     m08?      QX0.6_0|
*** Error: gate: QX0.6 File ./Test0/sort7.ic, line 73
QX0.6_0 |  X
QX0.7   ?     m09?      QX0.7_0|
*** Error: gate: QX0.7 File ./Test0/sort7.ic, line 73
QX0.7_0 |  X
QX1.0   ?     m10?      QX1.0_0|
*** Error: gate: QX1.0 File ./Test0/sort7.ic, line 73
QX1.0_0 |  X
QX1.1   ?     m11?      QX1.1_0|
*** Error: gate: QX1.1 File ./Test0/sort7.ic, line 73
QX1.1_0 |  X
QX1.2   ?     m12?      QX1.2_0|
*** Error: gate: QX1.2 File ./Test0/sort7.ic, line 73
QX1.2_0 |  X
QX1.3   ?     m13?      QX1.3_0|
*** Error: gate: QX1.3 File ./Test0/sort7.ic, line 73
QX1.3_0 |  X
QX1.4   ?     m14?      QX1.4_0|
*** Error: gate: QX1.4 File ./Test0/sort7.ic, line 73
QX1.4_0 |  X
QX1.5   ?     m15?      QX1.5_0|
*** Error: gate: QX1.5 File ./Test0/sort7.ic, line 73
QX1.5_0 |  X
QX1.6   ?     m16?      QX1.6_0|
*** Error: gate: QX1.6 File ./Test0/sort7.ic, line 73
QX1.6_0 |  X
QX1.7   ?     m17?      QX1.7_0|
*** Error: gate: QX1.7 File ./Test0/sort7.ic, line 73
QX1.7_0 |  X
QX2.0   ?     m18?      QX2.0_0|
*** Error: gate: QX2.0 File ./Test0/sort7.ic, line 73
QX2.0_0 |  X
QX2.1   ?     m19?      QX2.1_0|
*** Error: gate: QX2.1 File ./Test0/sort7.ic, line 73
QX2.1_0 |  X
QX2.2   ?     m20?      QX2.2_0|
*** Error: gate: QX2.2 File ./Test0/sort7.ic, line 73
QX2.2_0 |  X
QX2.3   ?     m21?      QX2.3_0|
*** Error: gate: QX2.3 File ./Test0/sort7.ic, line 73
QX2.3_0 |  X
QX2.4   ?     m22?      QX2.4_0|
*** Error: gate: QX2.4 File ./Test0/sort7.ic, line 73
QX2.4_0 |  X
QX2.5   ?     m23?      QX2.5_0|
*** Error: gate: QX2.5 File ./Test0/sort7.ic, line 73
QX2.5_0 |  X
QX2.6   ?     m24?      QX2.6_0|
*** Error: gate: QX2.6 File ./Test0/sort7.ic, line 73
QX2.6_0 |  X
QX2.7   ?     m25?      QX2.7_0|
*** Error: gate: QX2.7 File ./Test0/sort7.ic, line 73
QX2.7_0 |  X
QX3.0   ?     m26?      QX3.0_0|
*** Error: gate: QX3.0 File ./Test0/sort7.ic, line 73
QX3.0_0 |  X
QX3.1   ?     m27?      QX3.1_0|
*** Error: gate: QX3.1 File ./Test0/sort7.ic, line 73
QX3.1_0 |  X
QX3.2   ?     m28?      QX3.2_0|
*** Error: gate: QX3.2 File ./Test0/sort7.ic, line 73
QX3.2_0 |  X
QX3.3   ?     m29?      QX3.3_0|
*** Error: gate: QX3.3 File ./Test0/sort7.ic, line 73
QX3.3_0 |  X
QX3.4   ?     m30?      QX3.4_0|
*** Error: gate: QX3.4 File ./Test0/sort7.ic, line 73
QX3.4_0 |  X
QX3.5   ?     m31?      QX3.5_0|
*** Error: gate: QX3.5 File ./Test0/sort7.ic, line 73
QX3.5_0 |  X
QX3.6   ?     m32?      QX3.6_0|
*** Error: gate: QX3.6 File ./Test0/sort7.ic, line 73
QX3.6_0 |  X
QX3.7   ?     m33?      QX3.7_0|
*** Error: gate: QX3.7 File ./Test0/sort7.ic, line 73
QX3.7_0 |  X
QX4.0   ?     m34?      QX4.0_0|
*** Error: gate: QX4.0 File ./Test0/sort7.ic, line 73
QX4.0_0 |  X
QX4.1   ?     m35?      QX4.1_0|
*** Error: gate: QX4.1 File ./Test0/sort7.ic, line 73
QX4.1_0 |  X
QX4.2   ?     m36?      QX4.2_0|
*** Error: gate: QX4.2 File ./Test0/sort7.ic, line 73
QX4.2_0 |  X
QX4.3   ?     m37?      QX4.3_0|
*** Error: gate: QX4.3 File ./Test0/sort7.ic, line 73
QX4.3_0 |  X
QX4.4   ?     m38?      QX4.4_0|
*** Error: gate: QX4.4 File ./Test0/sort7.ic, line 73
*** Error: too many errors - compilation aborted. File ./Test0/sort7.ic, line 73
