******* ./Test0/a0.ic   ************************
001	/********************************************************************
002	 *
003	 *	copy input to output for bit values
004	 *
005	 *******************************************************************/
006
007	QX0.0 = IX0.0;	// handle bit values 0 and 1

	IX0.0     ---@  QX0.0


	IX0.0     ---|  QX0.0_0 X

008	QX0.1 = IX0.1;

	IX0.1     ---@  QX0.1


	IX0.1     ---|  QX0.1_0 X

009	QX0.2 = IX0.2;

	IX0.2     ---@  QX0.2


	IX0.2     ---|  QX0.2_0 X

010	QX0.3 = IX0.3;

	IX0.3     ---@  QX0.3


	IX0.3     ---|  QX0.3_0 X

011	QX0.4 = IX0.4;

	IX0.4     ---@  QX0.4


	IX0.4     ---|  QX0.4_0 X

012	QX0.5 = IX0.5;

	IX0.5     ---@  QX0.5


	IX0.5     ---|  QX0.5_0 X

013	QX0.6 = IX0.6;

	IX0.6     ---@  QX0.6


	IX0.6     ---|  QX0.6_0 X

014	QX0.7 = IX0.7;

	IX0.7     ---@  QX0.7


	IX0.7     ---|  QX0.7_0 X


******* NET TOPOLOGY    ************************

IX0.0   <     QX0.0_0|
IX0.1   <     QX0.1_0|
IX0.2   <     QX0.2_0|
IX0.3   <     QX0.3_0|
IX0.4   <     QX0.4_0|
IX0.5   <     QX0.5_0|
IX0.6   <     QX0.6_0|
IX0.7   <     QX0.7_0|
QX0.0   @     IX0.0<
QX0.0_0 |  X
QX0.1   @     IX0.1<
QX0.1_0 |  X
QX0.2   @     IX0.2<
QX0.2_0 |  X
QX0.3   @     IX0.3<
QX0.3_0 |  X
QX0.4   @     IX0.4<
QX0.4_0 |  X
QX0.5   @     IX0.5<
QX0.5_0 |  X
QX0.6   @     IX0.6<
QX0.6_0 |  X
QX0.7   @     IX0.7<
QX0.7_0 |  X

******* NET STATISTICS  ************************

OR	|      8 blocks
INPX	<      8 blocks
ALIAS	@      8

TOTAL	      16 blocks
	      24 links

compiled by:
@(#)     $Id: a0.lst,v 1.1 2015/05/24 00:51:45 jw Exp $ -O7

C OUTPUT: ./Test0/a0.c  (64 lines)
