******* ./Test0/aa4c1.ic ************************
001	/********************************************************************
002	 *
003	 *	aa4c.ic and aa4d.ic produce identical code in the final call
004	 *
005	 *	imm int function blocks called in int expressions compile OK
006	 *
007	 *******************************************************************/
008
009	imm bit Sub0() {
010	    return IX0.0 & IX0.1 | IX0.2;

	Sub0@_1   ---|  Sub0@
	IX0.2     ---|

	IX0.0     ---&  Sub0@_1
	IX0.1     ---&

011	}
012
013	imm bit Sub1() {
014	    return IX0.3 & (IX0.4 | IX0.5);

	IX0.3     ---&  Sub1@
	Sub1@_1   ---&

	IX0.4     ---|  Sub1@_1
	IX0.5     ---|

015	}
016
017	QB0 = IB6 + Sub0() * Sub1() * IB7;

	IB6     A ---+  QB0     A       IB6     // 1
	QB0_1   A ---+                  +QB0_1  // 2
	QB0_2   A ---+                  *QB0_2  // 3
	IB7     A ---+                  *IB7    // 4
	                                ;       // (2)

	QB0_4     ---|  QB0_1   A
	IX0.2     ---|

	IX0.3     ---&  QB0_2   A
	QB0_3     ---&

	IX0.4     ---|  QB0_3
	IX0.5     ---|

	IX0.0     ---&  QB0_4
	IX0.1     ---&


	QB0     A ---+  QB0_0   W       QB0     // 1

******* C CODE          ************************

017	(2) 	return iC_MV(1)+iC_MV(2)*iC_MV(3)*iC_MV(4);

******* NET TOPOLOGY    ************************

IB6     [  A  QB0+
IB7     [  A  QB0+
IX0.0   <     QB0_4&
IX0.1   <     QB0_4&
IX0.2   <     QB0_1|
IX0.3   <     QB0_2&
IX0.4   <     QB0_3|
IX0.5   <     QB0_3|
QB0     +  A  QB0_0+
QB0_0   +  W
QB0_1   |  A  QB0+
QB0_2   &  A  QB0+
QB0_3   |     QB0_2&
QB0_4   &     QB0_1|

******* NET STATISTICS  ************************

ARN	+      2 blocks
AND	&      2 blocks
OR	|      2 blocks
INPW	[      2 blocks
INPX	<      6 blocks

TOTAL	      14 blocks
	      39 links

compiled by:
@(#)     $Id: aa4c1.lst,v 1.1 2015/05/24 00:51:46 jw Exp $ -O7

C OUTPUT: ./Test0/aa4c1.c  (65 lines)
