******* ./Test0/aa4f1.ic ************************
001	QX0.0 = ~IB1;

	IB1     A ---+  QX0.0           ~IB1    // 1
	                                ;       // (2)


	QX0.0     ---|  QX0.0_0 X

002	QB1 = ~IB1;

	IB1     A ---+  QB1     A       ~IB1    // 1
	                                ;       // (2)


	QB1     A ---+  QB1_0   W       QB1     // 1

003	QB2 = ~4;

	-5      A ---@  QB2     A       ~4


	-5      A ---+  QB2_0   W       -5      // 1

******* C CODE          ************************

001	(2) 	return ~iC_MV(1);

******* NET TOPOLOGY    ************************

-5      =  A  QB2_0+
IB1     [  A  QX0.0+  QB1+
QB1     +  A  QB1_0+
QB1_0   +  W
QB2     @  A  -5=
QB2_0   +  W
QX0.0   +     QX0.0_0|
QX0.0_0 |  X

******* NET STATISTICS  ************************

ARN	+      4 blocks
OR	|      1 blocks
NCONST	=      1 blocks
INPW	[      1 blocks
ALIAS	@      1

TOTAL	       7 blocks
	      14 links

compiled by:
$Revision: icc_2.6-6-ge1cef2e-dirty $ -O7

C OUTPUT: ./Test0/aa4f1.c  (58 lines)
