******* ./Test0/aa4f.ic ************************
001	/********************************************************************
002	 *
003	 *	aa4f.ic aa4g.ic - simple case
004	 *
005	 *	imm int function blocks called in int assignment compile OK
006	 *
007	 *******************************************************************/
008
009	imm int Sub0() {
010	    return IB0 * IB1 + IB2;

	IB0     A ---+  Sub0@   A       IB0     // 1
	IB1     A ---+                  *IB1    // 2
	IB2     A ---+                  +IB2    // 3
	                                ;       // (2)

011	}
012
013	imm int Sub1() {
014	    return IB3 * (IB4 + IB5);

	IB3     A ---+  Sub1@   A       IB3     // 1
	IB4     A ---+                  *(IB4   // 2
	IB5     A ---+                  +IB5    // 3
	                                );      // (3)

015	}
016
017	QB0 = Sub0();

	IB0     A ---+  QB0     A       IB0     // 1
	IB1     A ---+                  *IB1    // 2
	IB2     A ---+                  +IB2    // 3
	                                ;       // (2)


	QB0     A ---+  QB0_0   W       QB0     // 1

018	QB1 = Sub1();

	IB3     A ---+  QB1     A       IB3     // 1
	IB4     A ---+                  *(IB4   // 2
	IB5     A ---+                  +IB5    // 3
	                                );      // (3)


	QB1     A ---+  QB1_0   W       QB1     // 1

******* C CODE          ************************

010	(2) 	return iC_MV(1)*iC_MV(2)+iC_MV(3);

014	(3) 	return iC_MV(1)*(iC_MV(2)+iC_MV(3));

******* NET TOPOLOGY    ************************

IB0     [  A  QB0+
IB1     [  A  QB0+
IB2     [  A  QB0+
IB3     [  A  QB1+
IB4     [  A  QB1+
IB5     [  A  QB1+
QB0     +  A  QB0_0+
QB0_0   +  W
QB1     +  A  QB1_0+
QB1_0   +  W

******* NET STATISTICS  ************************

ARN	+      4 blocks
INPW	[      6 blocks

TOTAL	      10 blocks
	      24 links

compiled by:
@(#)     $Id: aa4f.lst,v 1.1 2015/05/24 00:51:46 jw Exp $ -O7

C OUTPUT: ./Test0/aa4f.c  (65 lines)
