******* ./Test0/aa4w.ic ************************
001	imm void fun(int a, assign imm int b) {
002	    b = a + 2;

	fun@a   A ---+  fun@b   A       fun@a   // 1
	                                +2;     // (2)

003	}
004
005	imm int x;
006
007	fun(IB1, x);	/* x is declared */

	IB1     A ---+  x       A       IB1     // 1
	                                +2;     // (2)

008	fun(IB2, y);	/* y is not declared (default bit) */

	IB2     A ---+  y               IB2     // 1
	                                +2;     // (2)

009
010	QB1 = x + 3;

	x       A ---+  QB1     A       x       // 1
	                                +3;     // (3)


	QB1     A ---+  QB1_0   W       QB1     // 1

011	QB2 = y + 3;

	QB2_1   A ---+  QB2     A       QB2_1   // 1
	                                +3;     // (3)

	y         ---|  QB2_1   A


	QB2     A ---+  QB2_0   W       QB2     // 1

******* C CODE          ************************

002	(2) 	return iC_MV(1)+2;

010	(3) 	return iC_MV(1)+3;

******* NET TOPOLOGY    ************************

IB1     [  A  x+
IB2     [  A  y+
QB1     +  A  QB1_0+
QB1_0   +  W
QB2     +  A  QB2_0+
QB2_0   +  W
QB2_1   |  A  QB2+
x       +  A  QB1+
y       +     QB2_1|

******* NET STATISTICS  ************************

ARN	+      6 blocks
OR	|      1 blocks
INPW	[      2 blocks

TOTAL	       9 blocks
	      23 links

compiled by:
@(#)     $Id: aa4w.lst,v 1.1 2015/05/24 00:51:47 jw Exp $ -O7

C OUTPUT: ./Test0/aa4w.c  (67 lines)
