******* ./Test0/aa4y.ic ************************
001	imm void Sub() {
002	    return this;
*** ---------------^ syntax error, unexpected LEXERR 1 in ./Test0/aa4y.ic
003	}
*** Error: function has no statements! Sub File ./Test0/aa4y.ic, line 3
004
005	imm void Sub0() {
006	    return IX0.0 & IX0.1;
*** Error: return statement in void function: Sub0@ File ./Test0/aa4y.ic, line 6
007	}
*** Error: function has no statements! Sub0 File ./Test0/aa4y.ic, line 7
008
009	imm void Sub00() {
010	    this = IX0.0 & IX0.1;
*** --------^ syntax error, unexpected LEXERR 2 in ./Test0/aa4y.ic
011	}
*** Error: function has no statements! Sub00 File ./Test0/aa4y.ic, line 11
012
013	imm bit Sub1() {
014	    return IX0.0 & IX0.1;

	IX0.0     ---&  Sub1@
	IX0.1     ---&

015	}
016
017	imm bit Sub11() {
018	    this = IX0.0 & IX0.1;

	IX0.0     ---&  Sub11@
	IX0.1     ---&

019	}
020
021	imm bit Sub2() {
022	    return 2;

	TX0.2   ~ ---@  Sub2@

023	}
024
025	imm bit Sub22() {
026	    this = 2 + 2;

	TX0.2   ~ ---@  Sub22@

027	}
028
029	imm int Sub3() {
030	    return IB1 + IB2;

	IB1     A ---+  Sub3@   A       IB1     // 1
	IB2     A ---+                  +IB2    // 2
	                                ;       // (2)

031	}
032
033	imm int Sub33() {
034	    this = IB1 + IB2;

	IB1     A ---+  Sub33@  A       IB1     // 1
	IB2     A ---+                  +IB2    // 2
	                                ;       // (2)

035	}
036
037	imm int Sub4() {
038	    return 4;

	4       A ---@  Sub4@   A       4

039	}
040
041	imm int Sub44() {
042	    this = 4 + 4;

	8       A ---@  Sub44@  A       4+4

043	}
044
045	QX0.0 = Sub1() & Sub11();

	IX0.0     ---&  QX0.0
	IX0.1     ---&


	QX0.0     ---|  QX0.0_0 X

046	QB1 = Sub3() + Sub4();

	IB1     A ---+  QB1     A       (IB1    // 1
	IB2     A ---+                  +IB2    // 2
	                                )+4;    // (3)


	QB1     A ---+  QB1_0   W       QB1     // 1

047	QB2 = Sub33() + Sub44();

	IB1     A ---+  QB2     A       (IB1    // 1
	IB2     A ---+                  +IB2    // 2
	                                )+8;    // (4)


	QB2     A ---+  QB2_0   W       QB2     // 1

******* C CODE          ************************

030	(2) 	return iC_MV(1)+iC_MV(2);

046	(3) 	return (iC_MV(1)+iC_MV(2))+4;

047	(4) 	return (iC_MV(1)+iC_MV(2))+8;

******* NET TOPOLOGY    ************************

IB1     [  A  QB1+    QB2+
IB2     [  A  QB1+    QB2+
IX0.0   <     QX0.0&
IX0.1   <     QX0.0&
QB1     +  A  QB1_0+
QB1_0   +  W
QB2     +  A  QB2_0+
QB2_0   +  W
QX0.0   &     QX0.0_0|
QX0.0_0 |  X
TX0.2   <
*** Warning: unused    imm bit: TX0.2 File ./Test0/aa4y.ic, line 48

******* NET STATISTICS  ************************

ARN	+      4 blocks
AND	&      1 blocks
OR	|      1 blocks
INPW	[      2 blocks
INPX	<      3 blocks

TOTAL	      11 blocks
	      27 links

compiled by:
$Revision: icc_3.1-8-g9af405e-dirty $ -O7
*** Warning: 1 unused gate. File ./Test0/aa4y.ic, line 48
*** Error: 2 syntax and 4 generate errors - cannot execute. File ./Test0/aa4y.ic, line 48
