******* ./Test0/bara.ic ************************
001	/********************************************************************
002	 *
003	 *	bara.ica - vertical bar demo
004	 *
005	 *	with arrays to get variable length counters
006	 *
007	 *	QX0 outputs the value of a shift register made up of SR flip
008	 *	flops m0 to m7. These are clocked by an internally generated
009	 *	clock c0. It looks like running lights when displayed.
010	 *
011	 *	By changing the input IB1 the clocking speed on m0 to m7,
012	 *	which is output on QX0.0 to QX0.7 is set to IB1 * 50 ms.
013	 *	A value of 0 on input IB1 lets you clock the running
014	 *	lights manually via input IX0.0
015	 *
016	 *	Output QX2.0 indicates the direction of the running
017	 *	lights on QmX0 - just to show a bit of internal logic.
018	 *
019	 *******************************************************************/
020
021	use strict;
022
023	imm timer t = TIMER(TX0.4);

	t_1     T ---!  t       !

	iClock  : ---|  t_1     T
	TX0.4     ---|

024
025	imm int d0 = IB1;			// IB1 =

	IB1     A ---@  d0      A

026	imm bit f0 = IB1;			// d0  =

	IB1     A ---+  f0              IB1     // 1

027
028	imm bit b0 = D(~b0 & f0, t, d0) | CHANGE(IX0.0 & ~f0);

	b0_1      ---|  b0
	b0_2      ---|

	b0_4    D ---#  b0_1

	b0_3    V --->  b0_2

	iClock  : ---&  b0_3    V
	IX0.0     ---&
	f0      ~ ---&

	t       ! ---&  b0_4    D
	IB1     A<---&
	b0      ~ ---&
	f0        ---&

029	imm clock c0 = CLOCK(b0);

	c0_1    C ---:  c0      :

	iClock  : ---|  c0_1    C
	b0        ---|

030
031	imm bit m0;
032	imm bit m1;
033	imm bit m2;
034	imm bit m3;
035	imm bit m4;
036	imm bit m5;
037	imm bit m6;
038	imm bit m7;
039	imm bit m8;
040
041	m0 = SR(~m8     , m8 & ~m1, c0);

	m0_1    S ---#  m0
	m0_2    R ---#

	c0      : ---|  m0_1    S
	m8      ~ ---|

	c0      : ---&  m0_2    R
	m8        ---&
	m1      ~ ---&

042	m1 = SR(~m8 & m0, m8 & ~m2, c0);

	m1_1    S ---#  m1
	m1_2    R ---#

	c0      : ---&  m1_1    S
	m8      ~ ---&
	m0        ---&

	c0      : ---&  m1_2    R
	m8        ---&
	m2      ~ ---&

043	m2 = SR(~m8 & m1, m8 & ~m3, c0);

	m2_1    S ---#  m2
	m2_2    R ---#

	c0      : ---&  m2_1    S
	m8      ~ ---&
	m1        ---&

	c0      : ---&  m2_2    R
	m8        ---&
	m3      ~ ---&

044	m3 = SR(~m8 & m2, m8 & ~m4, c0);

	m3_1    S ---#  m3
	m3_2    R ---#

	c0      : ---&  m3_1    S
	m8      ~ ---&
	m2        ---&

	c0      : ---&  m3_2    R
	m8        ---&
	m4      ~ ---&

045	m4 = SR(~m8 & m3, m8 & ~m5, c0);

	m4_1    S ---#  m4
	m4_2    R ---#

	c0      : ---&  m4_1    S
	m8      ~ ---&
	m3        ---&

	c0      : ---&  m4_2    R
	m8        ---&
	m5      ~ ---&

046	m5 = SR(~m8 & m4, m8 & ~m6, c0);

	m5_1    S ---#  m5
	m5_2    R ---#

	c0      : ---&  m5_1    S
	m8      ~ ---&
	m4        ---&

	c0      : ---&  m5_2    R
	m8        ---&
	m6      ~ ---&

047	m6 = SR(~m8 & m5, m8 & ~m7, c0);

	m6_1    S ---#  m6
	m6_2    R ---#

	c0      : ---&  m6_1    S
	m8      ~ ---&
	m5        ---&

	c0      : ---&  m6_2    R
	m8        ---&
	m7      ~ ---&

048	m7 = SR(~m8 & m6, m8      , c0);

	m7_1    S ---#  m7
	m7_2    R ---#

	c0      : ---&  m7_1    S
	m8      ~ ---&
	m6        ---&

	c0      : ---|  m7_2    R
	m8        ---|

049	m8 = SR(~m8 & m7, m8 & ~m0, c0);

	m8_1    S ---#  m8
	m8_2    R ---#

	c0      : ---&  m8_1    S
	m8      ~ ---&
	m7        ---&

	c0      : ---&  m8_2    R
	m8        ---&
	m0      ~ ---&

050
051	QX0.0 = m0;

	m0        ---@  QX0.0


	m0        ---|  QX0.0_0 X

052	QX0.1 = m1;

	m1        ---@  QX0.1


	m1        ---|  QX0.1_0 X

053	QX0.2 = m2;

	m2        ---@  QX0.2


	m2        ---|  QX0.2_0 X

054	QX0.3 = m3;

	m3        ---@  QX0.3


	m3        ---|  QX0.3_0 X

055	QX0.4 = m4;

	m4        ---@  QX0.4


	m4        ---|  QX0.4_0 X

056	QX0.5 = m5;

	m5        ---@  QX0.5


	m5        ---|  QX0.5_0 X

057	QX0.6 = m6;

	m6        ---@  QX0.6


	m6        ---|  QX0.6_0 X

058	QX0.7 = m7;

	m7        ---@  QX0.7


	m7        ---|  QX0.7_0 X

059	QX1.0 = m8;

	m8        ---@  QX1.0


	m8        ---|  QX1.0_0 X


******* NET TOPOLOGY    ************************

IB1     [  A  f0+    <b0_4&
IX0.0   <     b0_3&
QX0.0   @     m0#
QX0.0_0 |  X
QX0.1   @     m1#
QX0.1_0 |  X
QX0.2   @     m2#
QX0.2_0 |  X
QX0.3   @     m3#
QX0.3_0 |  X
QX0.4   @     m4#
QX0.4_0 |  X
QX0.5   @     m5#
QX0.5_0 |  X
QX0.6   @     m6#
QX0.6_0 |  X
QX0.7   @     m7#
QX0.7_0 |  X
QX1.0   @     m8#
QX1.0_0 |  X
TX0.4   <     t_1|
b0      |    ~b0_4&   c0_1|
b0_1    #     b0|
b0_2    >     b0|
b0_3    &  V  b0_2>
b0_4    &  D  b0_1#
c0      :  :  m0_2&   m0_1|   m1_2&   m1_1&   m2_2&   m2_1&   m3_2&   m3_1&
              m4_2&   m4_1&   m5_2&   m5_1&   m6_2&   m6_1&   m7_2|   m7_1&
              m8_2&   m8_1&
c0_1    |  C  c0:
d0      @  A  IB1[
f0      +    ~b0_3&   b0_4&
iClock  :  :  t_1|    b0_3&   c0_1|
m0      #     m1_1&    ~m8_2&     QX0.0_0|
m0_1    |  S  m0#
m0_2    &  R  m0#
m1      #    ~m0_2&     m2_1&     QX0.1_0|
m1_1    &  S  m1#
m1_2    &  R  m1#
m2      #    ~m1_2&     m3_1&     QX0.2_0|
m2_1    &  S  m2#
m2_2    &  R  m2#
m3      #    ~m2_2&     m4_1&     QX0.3_0|
m3_1    &  S  m3#
m3_2    &  R  m3#
m4      #    ~m3_2&     m5_1&     QX0.4_0|
m4_1    &  S  m4#
m4_2    &  R  m4#
m5      #    ~m4_2&     m6_1&     QX0.5_0|
m5_1    &  S  m5#
m5_2    &  R  m5#
m6      #    ~m5_2&     m7_1&     QX0.6_0|
m6_1    &  S  m6#
m6_2    &  R  m6#
m7      #    ~m6_2&     m8_1&     QX0.7_0|
m7_1    &  S  m7#
m7_2    |  R  m7#
m8      #     m0_2&    ~m0_1|     m1_2&    ~m1_1&     m2_2&    ~m2_1&     m3_2&    ~m3_1&
              m4_2&    ~m4_1&     m5_2&    ~m5_1&     m6_2&    ~m6_1&     m7_2|    ~m7_1&
              m8_2&    ~m8_1&     QX1.0_0|
m8_1    &  S  m8#
m8_2    &  R  m8#
t       !  !  b0_4&
t_1     |  T  t!

******* NET STATISTICS  ************************

ARN	+      1 blocks
AND	&     18 blocks
OR	|     14 blocks
FF	#     10 blocks
VF	>      1 blocks
INPW	[      1 blocks
INPX	<      2 blocks
CLK	:      2 blocks
TIM	!      1 blocks
ALIAS	@     10

TOTAL	      50 blocks
	     149 links

compiled by:
@(#)     $Id: bara.lst,v 1.1 2015/05/24 00:51:49 jw Exp $ -O7

C OUTPUT: ./Test0/bara.c  (124 lines)
