******* ./Test0/barfy.ic ************************
001	/********************************************************************
002	 *
003	 *	bar1.ic - vertical bar demo
004	 *
005	 *	QX0 outputs the value of a shift register made up of SR flip
006	 *	flops m0 to m7. These are clocked by an internally generated
007	 *	clock c0. It looks like running lights when displayed.
008	 *
009	 *	By changing the input IB4 the clocking speed on m0 to m7,
010	 *	which is output on QX0.0 to QX0.7 is set to IB4 * 50 ms.
011	 *	A value of 0 on input IB4 lets you clock the running
012	 *	lights manually via input IX0.0
013	 *
014	 *	Output QX1.0 indicates the direction of the running
015	 *	lights on QX0 - just to show a bit of internal logic.
016	 *
017	 *******************************************************************/
018
019	imm bit bar(
020	    assign bit m0,
021	    assign bit m1,
022	    assign bit m2,
023	    assign bit m3,
024	    assign bit m4,
025	    assign bit m5,
026	    assign bit m6,
027	    assign bit m7,
028	    clock c
029	)
030	{
031	    return       SR(~m7 & m6, m0 & ~m1, c);

	bar@_1  S ---#  bar@
	bar@_2  R ---#

	bar@c   : ---&  bar@_1  S
	bar@m7  ~ ---&
	bar@m6    ---&

	bar@c   : ---&  bar@_2  R
	bar@m0    ---&
	bar@m1  ~ ---&

032		    m0 = SR(~this     , this & ~m1, c);

	bar@m0_1 S ---#  bar@m0
	bar@m0_2 R ---#

	bar@c    : ---|  bar@m0_1 S
	bar@     ~ ---|

	bar@c    : ---&  bar@m0_2 R
	bar@       ---&
	bar@m1   ~ ---&

033		    m1 = SR(~this & m0, this & ~m2, c);

	bar@m1_1 S ---#  bar@m1
	bar@m1_2 R ---#

	bar@c    : ---&  bar@m1_1 S
	bar@     ~ ---&
	bar@m0     ---&

	bar@c    : ---&  bar@m1_2 R
	bar@       ---&
	bar@m2   ~ ---&

034		    m2 = SR(~this & m1, this & ~m3, c);

	bar@m2_1 S ---#  bar@m2
	bar@m2_2 R ---#

	bar@c    : ---&  bar@m2_1 S
	bar@     ~ ---&
	bar@m1     ---&

	bar@c    : ---&  bar@m2_2 R
	bar@       ---&
	bar@m3   ~ ---&

035		    m3 = SR(~this & m2, this & ~m4, c);

	bar@m3_1 S ---#  bar@m3
	bar@m3_2 R ---#

	bar@c    : ---&  bar@m3_1 S
	bar@     ~ ---&
	bar@m2     ---&

	bar@c    : ---&  bar@m3_2 R
	bar@       ---&
	bar@m4   ~ ---&

036		    m4 = SR(~this & m3, this & ~m5, c);

	bar@m4_1 S ---#  bar@m4
	bar@m4_2 R ---#

	bar@c    : ---&  bar@m4_1 S
	bar@     ~ ---&
	bar@m3     ---&

	bar@c    : ---&  bar@m4_2 R
	bar@       ---&
	bar@m5   ~ ---&

037		    m5 = SR(~this & m4, this & ~m6, c);

	bar@m5_1 S ---#  bar@m5
	bar@m5_2 R ---#

	bar@c    : ---&  bar@m5_1 S
	bar@     ~ ---&
	bar@m4     ---&

	bar@c    : ---&  bar@m5_2 R
	bar@       ---&
	bar@m6   ~ ---&

038		    m6 = SR(~this & m5, this & ~m7, c);

	bar@m6_1 S ---#  bar@m6
	bar@m6_2 R ---#

	bar@c    : ---&  bar@m6_1 S
	bar@     ~ ---&
	bar@m5     ---&

	bar@c    : ---&  bar@m6_2 R
	bar@       ---&
	bar@m7   ~ ---&

039		    m7 = SR(~this & m6, this      , c);

	bar@m7_1 S ---#  bar@m7
	bar@m7_2 R ---#

	bar@c    : ---&  bar@m7_1 S
	bar@     ~ ---&
	bar@m6     ---&

	bar@c    : ---|  bar@m7_2 R
	bar@       ---|

040	}
041
042	imm bit base =	TX0.1 & ~IX0.2 & ~IX0.3 & ~IX0.4 & ~IX0.5 & ~IX0.6 & ~IX0.7 |
043			TX0.2 &  IX0.2 & ~IX0.3 & ~IX0.4 & ~IX0.5 & ~IX0.6 & ~IX0.7 |
044			TX0.3 &           IX0.3 & ~IX0.4 & ~IX0.5 & ~IX0.6 & ~IX0.7 |
045			TX0.4 &                    IX0.4 & ~IX0.5 & ~IX0.6 & ~IX0.7 |
046			TX0.5 &                             IX0.5 & ~IX0.6 & ~IX0.7 |
047			TX0.6 &                                      IX0.6 & ~IX0.7 |
048			TX0.7 &                                               IX0.7;

	base_1    ---|  base
	base_2    ---|
	base_3    ---|
	base_4    ---|
	base_5    ---|
	base_6    ---|
	base_7    ---|

	TX0.1     ---&  base_1
	IX0.2   ~ ---&
	IX0.3   ~ ---&
	IX0.4   ~ ---&
	IX0.5   ~ ---&
	IX0.6   ~ ---&
	IX0.7   ~ ---&

	TX0.2     ---&  base_2
	IX0.2     ---&
	IX0.3   ~ ---&
	IX0.4   ~ ---&
	IX0.5   ~ ---&
	IX0.6   ~ ---&
	IX0.7   ~ ---&

	TX0.3     ---&  base_3
	IX0.3     ---&
	IX0.4   ~ ---&
	IX0.5   ~ ---&
	IX0.6   ~ ---&
	IX0.7   ~ ---&

	TX0.4     ---&  base_4
	IX0.4     ---&
	IX0.5   ~ ---&
	IX0.6   ~ ---&
	IX0.7   ~ ---&

	TX0.5     ---&  base_5
	IX0.5     ---&
	IX0.6   ~ ---&
	IX0.7   ~ ---&

	TX0.6     ---&  base_6
	IX0.6     ---&
	IX0.7   ~ ---&

	TX0.7     ---&  base_7
	IX0.7     ---&

049	imm timer t = TIMER(base, ~base);		/* selected timer */

	t_1     T ---!  t       !
	t_2     T ---!

	iClock  : ---|  t_1     T
	base      ---|

	iClock  : ---|  t_2     T
	base    ~ ---|

050
051	imm int d0 = IB8;

	IB8     A ---@  d0      A

052	imm bit f0 = IB8;

	IB8     A ---+  f0              IB8     // 1

053
054	imm bit b0 = D(~b0 & f0, t, d0) | CHANGE(IX0.0 & ~f0);

	b0_1      ---|  b0
	b0_2      ---|

	b0_4    D ---#  b0_1

	b0_3    V --->  b0_2

	iClock  : ---&  b0_3    V
	IX0.0     ---&
	f0      ~ ---&

	t       ! ---&  b0_4    D
	IB8     A<---&
	b0      ~ ---&
	f0        ---&

055	imm clock c0 = CLOCK(b0);

	c0_1    C ---:  c0      :

	iClock  : ---|  c0_1    C
	b0        ---|

056
057	QX9.0 = bar(QX0.0, QX0.1, QX0.2, QX0.3, QX0.4, QX0.5, QX0.6, QX0.7, c0);

	QX0.0_1 S ---#  QX0.0
	QX0.0_2 R ---#

	c0      : ---|  QX0.0_1 S
	QX0.0_3 ~ ---|

	c0      : ---&  QX0.0_2 R
	QX0.0_3   ---&
	QX0.1   ~ ---&

	QX0.0_4 S ---#  QX0.0_3
	QX0.0_5 R ---#

	c0      : ---&  QX0.0_4 S
	QX0.7   ~ ---&
	QX0.6     ---&

	c0      : ---&  QX0.0_5 R
	QX0.0     ---&
	QX0.1   ~ ---&


	QX0.0     ---|  QX0.0_0 X


	QX0.1_1 S ---#  QX0.1
	QX0.1_2 R ---#

	c0      : ---&  QX0.1_1 S
	QX0.0_3 ~ ---&
	QX0.0     ---&

	c0      : ---&  QX0.1_2 R
	QX0.0_3   ---&
	QX0.2   ~ ---&


	QX0.1     ---|  QX0.1_0 X


	QX0.2_1 S ---#  QX0.2
	QX0.2_2 R ---#

	c0      : ---&  QX0.2_1 S
	QX0.0_3 ~ ---&
	QX0.1     ---&

	c0      : ---&  QX0.2_2 R
	QX0.0_3   ---&
	QX0.3   ~ ---&


	QX0.2     ---|  QX0.2_0 X


	QX0.3_1 S ---#  QX0.3
	QX0.3_2 R ---#

	c0      : ---&  QX0.3_1 S
	QX0.0_3 ~ ---&
	QX0.2     ---&

	c0      : ---&  QX0.3_2 R
	QX0.0_3   ---&
	QX0.4   ~ ---&


	QX0.3     ---|  QX0.3_0 X


	QX0.4_1 S ---#  QX0.4
	QX0.4_2 R ---#

	c0      : ---&  QX0.4_1 S
	QX0.0_3 ~ ---&
	QX0.3     ---&

	c0      : ---&  QX0.4_2 R
	QX0.0_3   ---&
	QX0.5   ~ ---&


	QX0.4     ---|  QX0.4_0 X


	QX0.5_1 S ---#  QX0.5
	QX0.5_2 R ---#

	c0      : ---&  QX0.5_1 S
	QX0.0_3 ~ ---&
	QX0.4     ---&

	c0      : ---&  QX0.5_2 R
	QX0.0_3   ---&
	QX0.6   ~ ---&


	QX0.5     ---|  QX0.5_0 X


	QX0.6_1 S ---#  QX0.6
	QX0.6_2 R ---#

	c0      : ---&  QX0.6_1 S
	QX0.0_3 ~ ---&
	QX0.5     ---&

	c0      : ---&  QX0.6_2 R
	QX0.0_3   ---&
	QX0.7   ~ ---&


	QX0.6     ---|  QX0.6_0 X


	QX0.7_1 S ---#  QX0.7
	QX0.7_2 R ---#

	c0      : ---&  QX0.7_1 S
	QX0.0_3 ~ ---&
	QX0.6     ---&

	c0      : ---|  QX0.7_2 R
	QX0.0_3   ---|


	QX0.7     ---|  QX0.7_0 X


	QX0.0_3   ---@  QX9.0


	QX0.0_3   ---|  QX9.0_0 X

058	QX9.1 = bar(QX1.0, QX1.1, QX1.2, QX1.3, QX1.4, QX1.5, QX1.6, QX1.7, c0);

	QX1.0_1 S ---#  QX1.0
	QX1.0_2 R ---#

	c0      : ---|  QX1.0_1 S
	QX1.0_3 ~ ---|

	c0      : ---&  QX1.0_2 R
	QX1.0_3   ---&
	QX1.1   ~ ---&

	QX1.0_4 S ---#  QX1.0_3
	QX1.0_5 R ---#

	c0      : ---&  QX1.0_4 S
	QX1.7   ~ ---&
	QX1.6     ---&

	c0      : ---&  QX1.0_5 R
	QX1.0     ---&
	QX1.1   ~ ---&


	QX1.0     ---|  QX1.0_0 X


	QX1.1_1 S ---#  QX1.1
	QX1.1_2 R ---#

	c0      : ---&  QX1.1_1 S
	QX1.0_3 ~ ---&
	QX1.0     ---&

	c0      : ---&  QX1.1_2 R
	QX1.0_3   ---&
	QX1.2   ~ ---&


	QX1.1     ---|  QX1.1_0 X


	QX1.2_1 S ---#  QX1.2
	QX1.2_2 R ---#

	c0      : ---&  QX1.2_1 S
	QX1.0_3 ~ ---&
	QX1.1     ---&

	c0      : ---&  QX1.2_2 R
	QX1.0_3   ---&
	QX1.3   ~ ---&


	QX1.2     ---|  QX1.2_0 X


	QX1.3_1 S ---#  QX1.3
	QX1.3_2 R ---#

	c0      : ---&  QX1.3_1 S
	QX1.0_3 ~ ---&
	QX1.2     ---&

	c0      : ---&  QX1.3_2 R
	QX1.0_3   ---&
	QX1.4   ~ ---&


	QX1.3     ---|  QX1.3_0 X


	QX1.4_1 S ---#  QX1.4
	QX1.4_2 R ---#

	c0      : ---&  QX1.4_1 S
	QX1.0_3 ~ ---&
	QX1.3     ---&

	c0      : ---&  QX1.4_2 R
	QX1.0_3   ---&
	QX1.5   ~ ---&


	QX1.4     ---|  QX1.4_0 X


	QX1.5_1 S ---#  QX1.5
	QX1.5_2 R ---#

	c0      : ---&  QX1.5_1 S
	QX1.0_3 ~ ---&
	QX1.4     ---&

	c0      : ---&  QX1.5_2 R
	QX1.0_3   ---&
	QX1.6   ~ ---&


	QX1.5     ---|  QX1.5_0 X


	QX1.6_1 S ---#  QX1.6
	QX1.6_2 R ---#

	c0      : ---&  QX1.6_1 S
	QX1.0_3 ~ ---&
	QX1.5     ---&

	c0      : ---&  QX1.6_2 R
	QX1.0_3   ---&
	QX1.7   ~ ---&


	QX1.6     ---|  QX1.6_0 X


	QX1.7_1 S ---#  QX1.7
	QX1.7_2 R ---#

	c0      : ---&  QX1.7_1 S
	QX1.0_3 ~ ---&
	QX1.6     ---&

	c0      : ---|  QX1.7_2 R
	QX1.0_3   ---|


	QX1.7     ---|  QX1.7_0 X


	QX1.0_3   ---@  QX9.1


	QX1.0_3   ---|  QX9.1_0 X

059	QX9.2 = bar(QX2.0, QX2.1, QX2.2, QX2.3, QX2.4, QX2.5, QX2.6, QX2.7, c0);

	QX2.0_1 S ---#  QX2.0
	QX2.0_2 R ---#

	c0      : ---|  QX2.0_1 S
	QX2.0_3 ~ ---|

	c0      : ---&  QX2.0_2 R
	QX2.0_3   ---&
	QX2.1   ~ ---&

	QX2.0_4 S ---#  QX2.0_3
	QX2.0_5 R ---#

	c0      : ---&  QX2.0_4 S
	QX2.7   ~ ---&
	QX2.6     ---&

	c0      : ---&  QX2.0_5 R
	QX2.0     ---&
	QX2.1   ~ ---&


	QX2.0     ---|  QX2.0_0 X


	QX2.1_1 S ---#  QX2.1
	QX2.1_2 R ---#

	c0      : ---&  QX2.1_1 S
	QX2.0_3 ~ ---&
	QX2.0     ---&

	c0      : ---&  QX2.1_2 R
	QX2.0_3   ---&
	QX2.2   ~ ---&


	QX2.1     ---|  QX2.1_0 X


	QX2.2_1 S ---#  QX2.2
	QX2.2_2 R ---#

	c0      : ---&  QX2.2_1 S
	QX2.0_3 ~ ---&
	QX2.1     ---&

	c0      : ---&  QX2.2_2 R
	QX2.0_3   ---&
	QX2.3   ~ ---&


	QX2.2     ---|  QX2.2_0 X


	QX2.3_1 S ---#  QX2.3
	QX2.3_2 R ---#

	c0      : ---&  QX2.3_1 S
	QX2.0_3 ~ ---&
	QX2.2     ---&

	c0      : ---&  QX2.3_2 R
	QX2.0_3   ---&
	QX2.4   ~ ---&


	QX2.3     ---|  QX2.3_0 X


	QX2.4_1 S ---#  QX2.4
	QX2.4_2 R ---#

	c0      : ---&  QX2.4_1 S
	QX2.0_3 ~ ---&
	QX2.3     ---&

	c0      : ---&  QX2.4_2 R
	QX2.0_3   ---&
	QX2.5   ~ ---&


	QX2.4     ---|  QX2.4_0 X


	QX2.5_1 S ---#  QX2.5
	QX2.5_2 R ---#

	c0      : ---&  QX2.5_1 S
	QX2.0_3 ~ ---&
	QX2.4     ---&

	c0      : ---&  QX2.5_2 R
	QX2.0_3   ---&
	QX2.6   ~ ---&


	QX2.5     ---|  QX2.5_0 X


	QX2.6_1 S ---#  QX2.6
	QX2.6_2 R ---#

	c0      : ---&  QX2.6_1 S
	QX2.0_3 ~ ---&
	QX2.5     ---&

	c0      : ---&  QX2.6_2 R
	QX2.0_3   ---&
	QX2.7   ~ ---&


	QX2.6     ---|  QX2.6_0 X


	QX2.7_1 S ---#  QX2.7
	QX2.7_2 R ---#

	c0      : ---&  QX2.7_1 S
	QX2.0_3 ~ ---&
	QX2.6     ---&

	c0      : ---|  QX2.7_2 R
	QX2.0_3   ---|


	QX2.7     ---|  QX2.7_0 X


	QX2.0_3   ---@  QX9.2


	QX2.0_3   ---|  QX9.2_0 X

060	QX9.3 = bar(QX3.0, QX3.1, QX3.2, QX3.3, QX3.4, QX3.5, QX3.6, QX3.7, c0);

	QX3.0_1 S ---#  QX3.0
	QX3.0_2 R ---#

	c0      : ---|  QX3.0_1 S
	QX3.0_3 ~ ---|

	c0      : ---&  QX3.0_2 R
	QX3.0_3   ---&
	QX3.1   ~ ---&

	QX3.0_4 S ---#  QX3.0_3
	QX3.0_5 R ---#

	c0      : ---&  QX3.0_4 S
	QX3.7   ~ ---&
	QX3.6     ---&

	c0      : ---&  QX3.0_5 R
	QX3.0     ---&
	QX3.1   ~ ---&


	QX3.0     ---|  QX3.0_0 X


	QX3.1_1 S ---#  QX3.1
	QX3.1_2 R ---#

	c0      : ---&  QX3.1_1 S
	QX3.0_3 ~ ---&
	QX3.0     ---&

	c0      : ---&  QX3.1_2 R
	QX3.0_3   ---&
	QX3.2   ~ ---&


	QX3.1     ---|  QX3.1_0 X


	QX3.2_1 S ---#  QX3.2
	QX3.2_2 R ---#

	c0      : ---&  QX3.2_1 S
	QX3.0_3 ~ ---&
	QX3.1     ---&

	c0      : ---&  QX3.2_2 R
	QX3.0_3   ---&
	QX3.3   ~ ---&


	QX3.2     ---|  QX3.2_0 X


	QX3.3_1 S ---#  QX3.3
	QX3.3_2 R ---#

	c0      : ---&  QX3.3_1 S
	QX3.0_3 ~ ---&
	QX3.2     ---&

	c0      : ---&  QX3.3_2 R
	QX3.0_3   ---&
	QX3.4   ~ ---&


	QX3.3     ---|  QX3.3_0 X


	QX3.4_1 S ---#  QX3.4
	QX3.4_2 R ---#

	c0      : ---&  QX3.4_1 S
	QX3.0_3 ~ ---&
	QX3.3     ---&

	c0      : ---&  QX3.4_2 R
	QX3.0_3   ---&
	QX3.5   ~ ---&


	QX3.4     ---|  QX3.4_0 X


	QX3.5_1 S ---#  QX3.5
	QX3.5_2 R ---#

	c0      : ---&  QX3.5_1 S
	QX3.0_3 ~ ---&
	QX3.4     ---&

	c0      : ---&  QX3.5_2 R
	QX3.0_3   ---&
	QX3.6   ~ ---&


	QX3.5     ---|  QX3.5_0 X


	QX3.6_1 S ---#  QX3.6
	QX3.6_2 R ---#

	c0      : ---&  QX3.6_1 S
	QX3.0_3 ~ ---&
	QX3.5     ---&

	c0      : ---&  QX3.6_2 R
	QX3.0_3   ---&
	QX3.7   ~ ---&


	QX3.6     ---|  QX3.6_0 X


	QX3.7_1 S ---#  QX3.7
	QX3.7_2 R ---#

	c0      : ---&  QX3.7_1 S
	QX3.0_3 ~ ---&
	QX3.6     ---&

	c0      : ---|  QX3.7_2 R
	QX3.0_3   ---|


	QX3.7     ---|  QX3.7_0 X


	QX3.0_3   ---@  QX9.3


	QX3.0_3   ---|  QX9.3_0 X

061	QX9.4 = bar(QX4.0, QX4.1, QX4.2, QX4.3, QX4.4, QX4.5, QX4.6, QX4.7, c0);

	QX4.0_1 S ---#  QX4.0
	QX4.0_2 R ---#

	c0      : ---|  QX4.0_1 S
	QX4.0_3 ~ ---|

	c0      : ---&  QX4.0_2 R
	QX4.0_3   ---&
	QX4.1   ~ ---&

	QX4.0_4 S ---#  QX4.0_3
	QX4.0_5 R ---#

	c0      : ---&  QX4.0_4 S
	QX4.7   ~ ---&
	QX4.6     ---&

	c0      : ---&  QX4.0_5 R
	QX4.0     ---&
	QX4.1   ~ ---&


	QX4.0     ---|  QX4.0_0 X


	QX4.1_1 S ---#  QX4.1
	QX4.1_2 R ---#

	c0      : ---&  QX4.1_1 S
	QX4.0_3 ~ ---&
	QX4.0     ---&

	c0      : ---&  QX4.1_2 R
	QX4.0_3   ---&
	QX4.2   ~ ---&


	QX4.1     ---|  QX4.1_0 X


	QX4.2_1 S ---#  QX4.2
	QX4.2_2 R ---#

	c0      : ---&  QX4.2_1 S
	QX4.0_3 ~ ---&
	QX4.1     ---&

	c0      : ---&  QX4.2_2 R
	QX4.0_3   ---&
	QX4.3   ~ ---&


	QX4.2     ---|  QX4.2_0 X


	QX4.3_1 S ---#  QX4.3
	QX4.3_2 R ---#

	c0      : ---&  QX4.3_1 S
	QX4.0_3 ~ ---&
	QX4.2     ---&

	c0      : ---&  QX4.3_2 R
	QX4.0_3   ---&
	QX4.4   ~ ---&


	QX4.3     ---|  QX4.3_0 X


	QX4.4_1 S ---#  QX4.4
	QX4.4_2 R ---#

	c0      : ---&  QX4.4_1 S
	QX4.0_3 ~ ---&
	QX4.3     ---&

	c0      : ---&  QX4.4_2 R
	QX4.0_3   ---&
	QX4.5   ~ ---&


	QX4.4     ---|  QX4.4_0 X


	QX4.5_1 S ---#  QX4.5
	QX4.5_2 R ---#

	c0      : ---&  QX4.5_1 S
	QX4.0_3 ~ ---&
	QX4.4     ---&

	c0      : ---&  QX4.5_2 R
	QX4.0_3   ---&
	QX4.6   ~ ---&


	QX4.5     ---|  QX4.5_0 X


	QX4.6_1 S ---#  QX4.6
	QX4.6_2 R ---#

	c0      : ---&  QX4.6_1 S
	QX4.0_3 ~ ---&
	QX4.5     ---&

	c0      : ---&  QX4.6_2 R
	QX4.0_3   ---&
	QX4.7   ~ ---&


	QX4.6     ---|  QX4.6_0 X


	QX4.7_1 S ---#  QX4.7
	QX4.7_2 R ---#

	c0      : ---&  QX4.7_1 S
	QX4.0_3 ~ ---&
	QX4.6     ---&

	c0      : ---|  QX4.7_2 R
	QX4.0_3   ---|


	QX4.7     ---|  QX4.7_0 X


	QX4.0_3   ---@  QX9.4


	QX4.0_3   ---|  QX9.4_0 X

062	QX9.5 = bar(QX5.0, QX5.1, QX5.2, QX5.3, QX5.4, QX5.5, QX5.6, QX5.7, c0);

	QX5.0_1 S ---#  QX5.0
	QX5.0_2 R ---#

	c0      : ---|  QX5.0_1 S
	QX5.0_3 ~ ---|

	c0      : ---&  QX5.0_2 R
	QX5.0_3   ---&
	QX5.1   ~ ---&

	QX5.0_4 S ---#  QX5.0_3
	QX5.0_5 R ---#

	c0      : ---&  QX5.0_4 S
	QX5.7   ~ ---&
	QX5.6     ---&

	c0      : ---&  QX5.0_5 R
	QX5.0     ---&
	QX5.1   ~ ---&


	QX5.0     ---|  QX5.0_0 X


	QX5.1_1 S ---#  QX5.1
	QX5.1_2 R ---#

	c0      : ---&  QX5.1_1 S
	QX5.0_3 ~ ---&
	QX5.0     ---&

	c0      : ---&  QX5.1_2 R
	QX5.0_3   ---&
	QX5.2   ~ ---&


	QX5.1     ---|  QX5.1_0 X


	QX5.2_1 S ---#  QX5.2
	QX5.2_2 R ---#

	c0      : ---&  QX5.2_1 S
	QX5.0_3 ~ ---&
	QX5.1     ---&

	c0      : ---&  QX5.2_2 R
	QX5.0_3   ---&
	QX5.3   ~ ---&


	QX5.2     ---|  QX5.2_0 X


	QX5.3_1 S ---#  QX5.3
	QX5.3_2 R ---#

	c0      : ---&  QX5.3_1 S
	QX5.0_3 ~ ---&
	QX5.2     ---&

	c0      : ---&  QX5.3_2 R
	QX5.0_3   ---&
	QX5.4   ~ ---&


	QX5.3     ---|  QX5.3_0 X


	QX5.4_1 S ---#  QX5.4
	QX5.4_2 R ---#

	c0      : ---&  QX5.4_1 S
	QX5.0_3 ~ ---&
	QX5.3     ---&

	c0      : ---&  QX5.4_2 R
	QX5.0_3   ---&
	QX5.5   ~ ---&


	QX5.4     ---|  QX5.4_0 X


	QX5.5_1 S ---#  QX5.5
	QX5.5_2 R ---#

	c0      : ---&  QX5.5_1 S
	QX5.0_3 ~ ---&
	QX5.4     ---&

	c0      : ---&  QX5.5_2 R
	QX5.0_3   ---&
	QX5.6   ~ ---&


	QX5.5     ---|  QX5.5_0 X


	QX5.6_1 S ---#  QX5.6
	QX5.6_2 R ---#

	c0      : ---&  QX5.6_1 S
	QX5.0_3 ~ ---&
	QX5.5     ---&

	c0      : ---&  QX5.6_2 R
	QX5.0_3   ---&
	QX5.7   ~ ---&


	QX5.6     ---|  QX5.6_0 X


	QX5.7_1 S ---#  QX5.7
	QX5.7_2 R ---#

	c0      : ---&  QX5.7_1 S
	QX5.0_3 ~ ---&
	QX5.6     ---&

	c0      : ---|  QX5.7_2 R
	QX5.0_3   ---|


	QX5.7     ---|  QX5.7_0 X


	QX5.0_3   ---@  QX9.5


	QX5.0_3   ---|  QX9.5_0 X

063	QX9.6 = bar(QX6.0, QX6.1, QX6.2, QX6.3, QX6.4, QX6.5, QX6.6, QX6.7, c0);

	QX6.0_1 S ---#  QX6.0
	QX6.0_2 R ---#

	c0      : ---|  QX6.0_1 S
	QX6.0_3 ~ ---|

	c0      : ---&  QX6.0_2 R
	QX6.0_3   ---&
	QX6.1   ~ ---&

	QX6.0_4 S ---#  QX6.0_3
	QX6.0_5 R ---#

	c0      : ---&  QX6.0_4 S
	QX6.7   ~ ---&
	QX6.6     ---&

	c0      : ---&  QX6.0_5 R
	QX6.0     ---&
	QX6.1   ~ ---&


	QX6.0     ---|  QX6.0_0 X


	QX6.1_1 S ---#  QX6.1
	QX6.1_2 R ---#

	c0      : ---&  QX6.1_1 S
	QX6.0_3 ~ ---&
	QX6.0     ---&

	c0      : ---&  QX6.1_2 R
	QX6.0_3   ---&
	QX6.2   ~ ---&


	QX6.1     ---|  QX6.1_0 X


	QX6.2_1 S ---#  QX6.2
	QX6.2_2 R ---#

	c0      : ---&  QX6.2_1 S
	QX6.0_3 ~ ---&
	QX6.1     ---&

	c0      : ---&  QX6.2_2 R
	QX6.0_3   ---&
	QX6.3   ~ ---&


	QX6.2     ---|  QX6.2_0 X


	QX6.3_1 S ---#  QX6.3
	QX6.3_2 R ---#

	c0      : ---&  QX6.3_1 S
	QX6.0_3 ~ ---&
	QX6.2     ---&

	c0      : ---&  QX6.3_2 R
	QX6.0_3   ---&
	QX6.4   ~ ---&


	QX6.3     ---|  QX6.3_0 X


	QX6.4_1 S ---#  QX6.4
	QX6.4_2 R ---#

	c0      : ---&  QX6.4_1 S
	QX6.0_3 ~ ---&
	QX6.3     ---&

	c0      : ---&  QX6.4_2 R
	QX6.0_3   ---&
	QX6.5   ~ ---&


	QX6.4     ---|  QX6.4_0 X


	QX6.5_1 S ---#  QX6.5
	QX6.5_2 R ---#

	c0      : ---&  QX6.5_1 S
	QX6.0_3 ~ ---&
	QX6.4     ---&

	c0      : ---&  QX6.5_2 R
	QX6.0_3   ---&
	QX6.6   ~ ---&


	QX6.5     ---|  QX6.5_0 X


	QX6.6_1 S ---#  QX6.6
	QX6.6_2 R ---#

	c0      : ---&  QX6.6_1 S
	QX6.0_3 ~ ---&
	QX6.5     ---&

	c0      : ---&  QX6.6_2 R
	QX6.0_3   ---&
	QX6.7   ~ ---&


	QX6.6     ---|  QX6.6_0 X


	QX6.7_1 S ---#  QX6.7
	QX6.7_2 R ---#

	c0      : ---&  QX6.7_1 S
	QX6.0_3 ~ ---&
	QX6.6     ---&

	c0      : ---|  QX6.7_2 R
	QX6.0_3   ---|


	QX6.7     ---|  QX6.7_0 X


	QX6.0_3   ---@  QX9.6


	QX6.0_3   ---|  QX9.6_0 X

064	QX9.7 = bar(QX7.0, QX7.1, QX7.2, QX7.3, QX7.4, QX7.5, QX7.6, QX7.7, c0);

	QX7.0_1 S ---#  QX7.0
	QX7.0_2 R ---#

	c0      : ---|  QX7.0_1 S
	QX7.0_3 ~ ---|

	c0      : ---&  QX7.0_2 R
	QX7.0_3   ---&
	QX7.1   ~ ---&

	QX7.0_4 S ---#  QX7.0_3
	QX7.0_5 R ---#

	c0      : ---&  QX7.0_4 S
	QX7.7   ~ ---&
	QX7.6     ---&

	c0      : ---&  QX7.0_5 R
	QX7.0     ---&
	QX7.1   ~ ---&


	QX7.0     ---|  QX7.0_0 X


	QX7.1_1 S ---#  QX7.1
	QX7.1_2 R ---#

	c0      : ---&  QX7.1_1 S
	QX7.0_3 ~ ---&
	QX7.0     ---&

	c0      : ---&  QX7.1_2 R
	QX7.0_3   ---&
	QX7.2   ~ ---&


	QX7.1     ---|  QX7.1_0 X


	QX7.2_1 S ---#  QX7.2
	QX7.2_2 R ---#

	c0      : ---&  QX7.2_1 S
	QX7.0_3 ~ ---&
	QX7.1     ---&

	c0      : ---&  QX7.2_2 R
	QX7.0_3   ---&
	QX7.3   ~ ---&


	QX7.2     ---|  QX7.2_0 X


	QX7.3_1 S ---#  QX7.3
	QX7.3_2 R ---#

	c0      : ---&  QX7.3_1 S
	QX7.0_3 ~ ---&
	QX7.2     ---&

	c0      : ---&  QX7.3_2 R
	QX7.0_3   ---&
	QX7.4   ~ ---&


	QX7.3     ---|  QX7.3_0 X


	QX7.4_1 S ---#  QX7.4
	QX7.4_2 R ---#

	c0      : ---&  QX7.4_1 S
	QX7.0_3 ~ ---&
	QX7.3     ---&

	c0      : ---&  QX7.4_2 R
	QX7.0_3   ---&
	QX7.5   ~ ---&


	QX7.4     ---|  QX7.4_0 X


	QX7.5_1 S ---#  QX7.5
	QX7.5_2 R ---#

	c0      : ---&  QX7.5_1 S
	QX7.0_3 ~ ---&
	QX7.4     ---&

	c0      : ---&  QX7.5_2 R
	QX7.0_3   ---&
	QX7.6   ~ ---&


	QX7.5     ---|  QX7.5_0 X


	QX7.6_1 S ---#  QX7.6
	QX7.6_2 R ---#

	c0      : ---&  QX7.6_1 S
	QX7.0_3 ~ ---&
	QX7.5     ---&

	c0      : ---&  QX7.6_2 R
	QX7.0_3   ---&
	QX7.7   ~ ---&


	QX7.6     ---|  QX7.6_0 X


	QX7.7_1 S ---#  QX7.7
	QX7.7_2 R ---#

	c0      : ---&  QX7.7_1 S
	QX7.0_3 ~ ---&
	QX7.6     ---&

	c0      : ---|  QX7.7_2 R
	QX7.0_3   ---|


	QX7.7     ---|  QX7.7_0 X


	QX7.0_3   ---@  QX9.7


	QX7.0_3   ---|  QX9.7_0 X

065	// d0  =
066	// IB8 =

******* NET TOPOLOGY    ************************

IB8     [  A  f0+    <b0_4&
IX0.0   <     b0_3&
IX0.2   <     base_2& ~base_1&
IX0.3   <     base_3& ~base_2& ~base_1&
IX0.4   <     base_4& ~base_3& ~base_2& ~base_1&
IX0.5   <     base_5& ~base_4& ~base_3& ~base_2& ~base_1&
IX0.6   <     base_6& ~base_5& ~base_4& ~base_3& ~base_2& ~base_1&
IX0.7   <     base_7& ~base_6& ~base_5& ~base_4& ~base_3& ~base_2& ~base_1&
QX0.0   #     QX0.0_5&  QX0.0_0|  QX0.1_1&
QX0.0_0 |  X
QX0.0_1 |  S  QX0.0#
QX0.0_2 &  R  QX0.0#
QX0.0_3 #     QX0.0_2& ~QX0.0_1|  QX0.1_2& ~QX0.1_1&  QX0.2_2& ~QX0.2_1&  QX0.3_2& ~QX0.3_1&
              QX0.4_2& ~QX0.4_1&  QX0.5_2& ~QX0.5_1&  QX0.6_2& ~QX0.6_1&  QX0.7_2| ~QX0.7_1&
              QX9.0_0|
QX0.0_4 &  S  QX0.0_3#
QX0.0_5 &  R  QX0.0_3#
QX0.1   #    ~QX0.0_2& ~QX0.0_5&  QX0.1_0|  QX0.2_1&
QX0.1_0 |  X
QX0.1_1 &  S  QX0.1#
QX0.1_2 &  R  QX0.1#
QX0.2   #    ~QX0.1_2&  QX0.2_0|  QX0.3_1&
QX0.2_0 |  X
QX0.2_1 &  S  QX0.2#
QX0.2_2 &  R  QX0.2#
QX0.3   #    ~QX0.2_2&  QX0.3_0|  QX0.4_1&
QX0.3_0 |  X
QX0.3_1 &  S  QX0.3#
QX0.3_2 &  R  QX0.3#
QX0.4   #    ~QX0.3_2&  QX0.4_0|  QX0.5_1&
QX0.4_0 |  X
QX0.4_1 &  S  QX0.4#
QX0.4_2 &  R  QX0.4#
QX0.5   #    ~QX0.4_2&  QX0.5_0|  QX0.6_1&
QX0.5_0 |  X
QX0.5_1 &  S  QX0.5#
QX0.5_2 &  R  QX0.5#
QX0.6   #     QX0.0_4& ~QX0.5_2&  QX0.6_0|  QX0.7_1&
QX0.6_0 |  X
QX0.6_1 &  S  QX0.6#
QX0.6_2 &  R  QX0.6#
QX0.7   #    ~QX0.0_4& ~QX0.6_2&  QX0.7_0|
QX0.7_0 |  X
QX0.7_1 &  S  QX0.7#
QX0.7_2 |  R  QX0.7#
QX1.0   #     QX1.0_5&  QX1.0_0|  QX1.1_1&
QX1.0_0 |  X
QX1.0_1 |  S  QX1.0#
QX1.0_2 &  R  QX1.0#
QX1.0_3 #     QX1.0_2& ~QX1.0_1|  QX1.1_2& ~QX1.1_1&  QX1.2_2& ~QX1.2_1&  QX1.3_2& ~QX1.3_1&
              QX1.4_2& ~QX1.4_1&  QX1.5_2& ~QX1.5_1&  QX1.6_2& ~QX1.6_1&  QX1.7_2| ~QX1.7_1&
              QX9.1_0|
QX1.0_4 &  S  QX1.0_3#
QX1.0_5 &  R  QX1.0_3#
QX1.1   #    ~QX1.0_2& ~QX1.0_5&  QX1.1_0|  QX1.2_1&
QX1.1_0 |  X
QX1.1_1 &  S  QX1.1#
QX1.1_2 &  R  QX1.1#
QX1.2   #    ~QX1.1_2&  QX1.2_0|  QX1.3_1&
QX1.2_0 |  X
QX1.2_1 &  S  QX1.2#
QX1.2_2 &  R  QX1.2#
QX1.3   #    ~QX1.2_2&  QX1.3_0|  QX1.4_1&
QX1.3_0 |  X
QX1.3_1 &  S  QX1.3#
QX1.3_2 &  R  QX1.3#
QX1.4   #    ~QX1.3_2&  QX1.4_0|  QX1.5_1&
QX1.4_0 |  X
QX1.4_1 &  S  QX1.4#
QX1.4_2 &  R  QX1.4#
QX1.5   #    ~QX1.4_2&  QX1.5_0|  QX1.6_1&
QX1.5_0 |  X
QX1.5_1 &  S  QX1.5#
QX1.5_2 &  R  QX1.5#
QX1.6   #     QX1.0_4& ~QX1.5_2&  QX1.6_0|  QX1.7_1&
QX1.6_0 |  X
QX1.6_1 &  S  QX1.6#
QX1.6_2 &  R  QX1.6#
QX1.7   #    ~QX1.0_4& ~QX1.6_2&  QX1.7_0|
QX1.7_0 |  X
QX1.7_1 &  S  QX1.7#
QX1.7_2 |  R  QX1.7#
QX2.0   #     QX2.0_5&  QX2.0_0|  QX2.1_1&
QX2.0_0 |  X
QX2.0_1 |  S  QX2.0#
QX2.0_2 &  R  QX2.0#
QX2.0_3 #     QX2.0_2& ~QX2.0_1|  QX2.1_2& ~QX2.1_1&  QX2.2_2& ~QX2.2_1&  QX2.3_2& ~QX2.3_1&
              QX2.4_2& ~QX2.4_1&  QX2.5_2& ~QX2.5_1&  QX2.6_2& ~QX2.6_1&  QX2.7_2| ~QX2.7_1&
              QX9.2_0|
QX2.0_4 &  S  QX2.0_3#
QX2.0_5 &  R  QX2.0_3#
QX2.1   #    ~QX2.0_2& ~QX2.0_5&  QX2.1_0|  QX2.2_1&
QX2.1_0 |  X
QX2.1_1 &  S  QX2.1#
QX2.1_2 &  R  QX2.1#
QX2.2   #    ~QX2.1_2&  QX2.2_0|  QX2.3_1&
QX2.2_0 |  X
QX2.2_1 &  S  QX2.2#
QX2.2_2 &  R  QX2.2#
QX2.3   #    ~QX2.2_2&  QX2.3_0|  QX2.4_1&
QX2.3_0 |  X
QX2.3_1 &  S  QX2.3#
QX2.3_2 &  R  QX2.3#
QX2.4   #    ~QX2.3_2&  QX2.4_0|  QX2.5_1&
QX2.4_0 |  X
QX2.4_1 &  S  QX2.4#
QX2.4_2 &  R  QX2.4#
QX2.5   #    ~QX2.4_2&  QX2.5_0|  QX2.6_1&
QX2.5_0 |  X
QX2.5_1 &  S  QX2.5#
QX2.5_2 &  R  QX2.5#
QX2.6   #     QX2.0_4& ~QX2.5_2&  QX2.6_0|  QX2.7_1&
QX2.6_0 |  X
QX2.6_1 &  S  QX2.6#
QX2.6_2 &  R  QX2.6#
QX2.7   #    ~QX2.0_4& ~QX2.6_2&  QX2.7_0|
QX2.7_0 |  X
QX2.7_1 &  S  QX2.7#
QX2.7_2 |  R  QX2.7#
QX3.0   #     QX3.0_5&  QX3.0_0|  QX3.1_1&
QX3.0_0 |  X
QX3.0_1 |  S  QX3.0#
QX3.0_2 &  R  QX3.0#
QX3.0_3 #     QX3.0_2& ~QX3.0_1|  QX3.1_2& ~QX3.1_1&  QX3.2_2& ~QX3.2_1&  QX3.3_2& ~QX3.3_1&
              QX3.4_2& ~QX3.4_1&  QX3.5_2& ~QX3.5_1&  QX3.6_2& ~QX3.6_1&  QX3.7_2| ~QX3.7_1&
              QX9.3_0|
QX3.0_4 &  S  QX3.0_3#
QX3.0_5 &  R  QX3.0_3#
QX3.1   #    ~QX3.0_2& ~QX3.0_5&  QX3.1_0|  QX3.2_1&
QX3.1_0 |  X
QX3.1_1 &  S  QX3.1#
QX3.1_2 &  R  QX3.1#
QX3.2   #    ~QX3.1_2&  QX3.2_0|  QX3.3_1&
QX3.2_0 |  X
QX3.2_1 &  S  QX3.2#
QX3.2_2 &  R  QX3.2#
QX3.3   #    ~QX3.2_2&  QX3.3_0|  QX3.4_1&
QX3.3_0 |  X
QX3.3_1 &  S  QX3.3#
QX3.3_2 &  R  QX3.3#
QX3.4   #    ~QX3.3_2&  QX3.4_0|  QX3.5_1&
QX3.4_0 |  X
QX3.4_1 &  S  QX3.4#
QX3.4_2 &  R  QX3.4#
QX3.5   #    ~QX3.4_2&  QX3.5_0|  QX3.6_1&
QX3.5_0 |  X
QX3.5_1 &  S  QX3.5#
QX3.5_2 &  R  QX3.5#
QX3.6   #     QX3.0_4& ~QX3.5_2&  QX3.6_0|  QX3.7_1&
QX3.6_0 |  X
QX3.6_1 &  S  QX3.6#
QX3.6_2 &  R  QX3.6#
QX3.7   #    ~QX3.0_4& ~QX3.6_2&  QX3.7_0|
QX3.7_0 |  X
QX3.7_1 &  S  QX3.7#
QX3.7_2 |  R  QX3.7#
QX4.0   #     QX4.0_5&  QX4.0_0|  QX4.1_1&
QX4.0_0 |  X
QX4.0_1 |  S  QX4.0#
QX4.0_2 &  R  QX4.0#
QX4.0_3 #     QX4.0_2& ~QX4.0_1|  QX4.1_2& ~QX4.1_1&  QX4.2_2& ~QX4.2_1&  QX4.3_2& ~QX4.3_1&
              QX4.4_2& ~QX4.4_1&  QX4.5_2& ~QX4.5_1&  QX4.6_2& ~QX4.6_1&  QX4.7_2| ~QX4.7_1&
              QX9.4_0|
QX4.0_4 &  S  QX4.0_3#
QX4.0_5 &  R  QX4.0_3#
QX4.1   #    ~QX4.0_2& ~QX4.0_5&  QX4.1_0|  QX4.2_1&
QX4.1_0 |  X
QX4.1_1 &  S  QX4.1#
QX4.1_2 &  R  QX4.1#
QX4.2   #    ~QX4.1_2&  QX4.2_0|  QX4.3_1&
QX4.2_0 |  X
QX4.2_1 &  S  QX4.2#
QX4.2_2 &  R  QX4.2#
QX4.3   #    ~QX4.2_2&  QX4.3_0|  QX4.4_1&
QX4.3_0 |  X
QX4.3_1 &  S  QX4.3#
QX4.3_2 &  R  QX4.3#
QX4.4   #    ~QX4.3_2&  QX4.4_0|  QX4.5_1&
QX4.4_0 |  X
QX4.4_1 &  S  QX4.4#
QX4.4_2 &  R  QX4.4#
QX4.5   #    ~QX4.4_2&  QX4.5_0|  QX4.6_1&
QX4.5_0 |  X
QX4.5_1 &  S  QX4.5#
QX4.5_2 &  R  QX4.5#
QX4.6   #     QX4.0_4& ~QX4.5_2&  QX4.6_0|  QX4.7_1&
QX4.6_0 |  X
QX4.6_1 &  S  QX4.6#
QX4.6_2 &  R  QX4.6#
QX4.7   #    ~QX4.0_4& ~QX4.6_2&  QX4.7_0|
QX4.7_0 |  X
QX4.7_1 &  S  QX4.7#
QX4.7_2 |  R  QX4.7#
QX5.0   #     QX5.0_5&  QX5.0_0|  QX5.1_1&
QX5.0_0 |  X
QX5.0_1 |  S  QX5.0#
QX5.0_2 &  R  QX5.0#
QX5.0_3 #     QX5.0_2& ~QX5.0_1|  QX5.1_2& ~QX5.1_1&  QX5.2_2& ~QX5.2_1&  QX5.3_2& ~QX5.3_1&
              QX5.4_2& ~QX5.4_1&  QX5.5_2& ~QX5.5_1&  QX5.6_2& ~QX5.6_1&  QX5.7_2| ~QX5.7_1&
              QX9.5_0|
QX5.0_4 &  S  QX5.0_3#
QX5.0_5 &  R  QX5.0_3#
QX5.1   #    ~QX5.0_2& ~QX5.0_5&  QX5.1_0|  QX5.2_1&
QX5.1_0 |  X
QX5.1_1 &  S  QX5.1#
QX5.1_2 &  R  QX5.1#
QX5.2   #    ~QX5.1_2&  QX5.2_0|  QX5.3_1&
QX5.2_0 |  X
QX5.2_1 &  S  QX5.2#
QX5.2_2 &  R  QX5.2#
QX5.3   #    ~QX5.2_2&  QX5.3_0|  QX5.4_1&
QX5.3_0 |  X
QX5.3_1 &  S  QX5.3#
QX5.3_2 &  R  QX5.3#
QX5.4   #    ~QX5.3_2&  QX5.4_0|  QX5.5_1&
QX5.4_0 |  X
QX5.4_1 &  S  QX5.4#
QX5.4_2 &  R  QX5.4#
QX5.5   #    ~QX5.4_2&  QX5.5_0|  QX5.6_1&
QX5.5_0 |  X
QX5.5_1 &  S  QX5.5#
QX5.5_2 &  R  QX5.5#
QX5.6   #     QX5.0_4& ~QX5.5_2&  QX5.6_0|  QX5.7_1&
QX5.6_0 |  X
QX5.6_1 &  S  QX5.6#
QX5.6_2 &  R  QX5.6#
QX5.7   #    ~QX5.0_4& ~QX5.6_2&  QX5.7_0|
QX5.7_0 |  X
QX5.7_1 &  S  QX5.7#
QX5.7_2 |  R  QX5.7#
QX6.0   #     QX6.0_5&  QX6.0_0|  QX6.1_1&
QX6.0_0 |  X
QX6.0_1 |  S  QX6.0#
QX6.0_2 &  R  QX6.0#
QX6.0_3 #     QX6.0_2& ~QX6.0_1|  QX6.1_2& ~QX6.1_1&  QX6.2_2& ~QX6.2_1&  QX6.3_2& ~QX6.3_1&
              QX6.4_2& ~QX6.4_1&  QX6.5_2& ~QX6.5_1&  QX6.6_2& ~QX6.6_1&  QX6.7_2| ~QX6.7_1&
              QX9.6_0|
QX6.0_4 &  S  QX6.0_3#
QX6.0_5 &  R  QX6.0_3#
QX6.1   #    ~QX6.0_2& ~QX6.0_5&  QX6.1_0|  QX6.2_1&
QX6.1_0 |  X
QX6.1_1 &  S  QX6.1#
QX6.1_2 &  R  QX6.1#
QX6.2   #    ~QX6.1_2&  QX6.2_0|  QX6.3_1&
QX6.2_0 |  X
QX6.2_1 &  S  QX6.2#
QX6.2_2 &  R  QX6.2#
QX6.3   #    ~QX6.2_2&  QX6.3_0|  QX6.4_1&
QX6.3_0 |  X
QX6.3_1 &  S  QX6.3#
QX6.3_2 &  R  QX6.3#
QX6.4   #    ~QX6.3_2&  QX6.4_0|  QX6.5_1&
QX6.4_0 |  X
QX6.4_1 &  S  QX6.4#
QX6.4_2 &  R  QX6.4#
QX6.5   #    ~QX6.4_2&  QX6.5_0|  QX6.6_1&
QX6.5_0 |  X
QX6.5_1 &  S  QX6.5#
QX6.5_2 &  R  QX6.5#
QX6.6   #     QX6.0_4& ~QX6.5_2&  QX6.6_0|  QX6.7_1&
QX6.6_0 |  X
QX6.6_1 &  S  QX6.6#
QX6.6_2 &  R  QX6.6#
QX6.7   #    ~QX6.0_4& ~QX6.6_2&  QX6.7_0|
QX6.7_0 |  X
QX6.7_1 &  S  QX6.7#
QX6.7_2 |  R  QX6.7#
QX7.0   #     QX7.0_5&  QX7.0_0|  QX7.1_1&
QX7.0_0 |  X
QX7.0_1 |  S  QX7.0#
QX7.0_2 &  R  QX7.0#
QX7.0_3 #     QX7.0_2& ~QX7.0_1|  QX7.1_2& ~QX7.1_1&  QX7.2_2& ~QX7.2_1&  QX7.3_2& ~QX7.3_1&
              QX7.4_2& ~QX7.4_1&  QX7.5_2& ~QX7.5_1&  QX7.6_2& ~QX7.6_1&  QX7.7_2| ~QX7.7_1&
              QX9.7_0|
QX7.0_4 &  S  QX7.0_3#
QX7.0_5 &  R  QX7.0_3#
QX7.1   #    ~QX7.0_2& ~QX7.0_5&  QX7.1_0|  QX7.2_1&
QX7.1_0 |  X
QX7.1_1 &  S  QX7.1#
QX7.1_2 &  R  QX7.1#
QX7.2   #    ~QX7.1_2&  QX7.2_0|  QX7.3_1&
QX7.2_0 |  X
QX7.2_1 &  S  QX7.2#
QX7.2_2 &  R  QX7.2#
QX7.3   #    ~QX7.2_2&  QX7.3_0|  QX7.4_1&
QX7.3_0 |  X
QX7.3_1 &  S  QX7.3#
QX7.3_2 &  R  QX7.3#
QX7.4   #    ~QX7.3_2&  QX7.4_0|  QX7.5_1&
QX7.4_0 |  X
QX7.4_1 &  S  QX7.4#
QX7.4_2 &  R  QX7.4#
QX7.5   #    ~QX7.4_2&  QX7.5_0|  QX7.6_1&
QX7.5_0 |  X
QX7.5_1 &  S  QX7.5#
QX7.5_2 &  R  QX7.5#
QX7.6   #     QX7.0_4& ~QX7.5_2&  QX7.6_0|  QX7.7_1&
QX7.6_0 |  X
QX7.6_1 &  S  QX7.6#
QX7.6_2 &  R  QX7.6#
QX7.7   #    ~QX7.0_4& ~QX7.6_2&  QX7.7_0|
QX7.7_0 |  X
QX7.7_1 &  S  QX7.7#
QX7.7_2 |  R  QX7.7#
QX9.0   @     QX0.0_3#
QX9.0_0 |  X
QX9.1   @     QX1.0_3#
QX9.1_0 |  X
QX9.2   @     QX2.0_3#
QX9.2_0 |  X
QX9.3   @     QX3.0_3#
QX9.3_0 |  X
QX9.4   @     QX4.0_3#
QX9.4_0 |  X
QX9.5   @     QX5.0_3#
QX9.5_0 |  X
QX9.6   @     QX6.0_3#
QX9.6_0 |  X
QX9.7   @     QX7.0_3#
QX9.7_0 |  X
TX0.1   <     base_1&
TX0.2   <     base_2&
TX0.3   <     base_3&
TX0.4   <     base_4&
TX0.5   <     base_5&
TX0.6   <     base_6&
TX0.7   <     base_7&
b0      |    ~b0_4&   c0_1|
b0_1    #     b0|
b0_2    >     b0|
b0_3    &  V  b0_2>
b0_4    &  D  b0_1#
base    |    ~t_2|    t_1|
base_1  &     base|
base_2  &     base|
base_3  &     base|
base_4  &     base|
base_5  &     base|
base_6  &     base|
base_7  &     base|
c0      :  :  QX0.0_2&  QX0.0_1|  QX0.0_5&  QX0.0_4&  QX0.1_2&  QX0.1_1&  QX0.2_2&  QX0.2_1&
              QX0.3_2&  QX0.3_1&  QX0.4_2&  QX0.4_1&  QX0.5_2&  QX0.5_1&  QX0.6_2&  QX0.6_1&
              QX0.7_2|  QX0.7_1&  QX1.0_2&  QX1.0_1|  QX1.0_5&  QX1.0_4&  QX1.1_2&  QX1.1_1&
              QX1.2_2&  QX1.2_1&  QX1.3_2&  QX1.3_1&  QX1.4_2&  QX1.4_1&  QX1.5_2&  QX1.5_1&
              QX1.6_2&  QX1.6_1&  QX1.7_2|  QX1.7_1&  QX2.0_2&  QX2.0_1|  QX2.0_5&  QX2.0_4&
              QX2.1_2&  QX2.1_1&  QX2.2_2&  QX2.2_1&  QX2.3_2&  QX2.3_1&  QX2.4_2&  QX2.4_1&
              QX2.5_2&  QX2.5_1&  QX2.6_2&  QX2.6_1&  QX2.7_2|  QX2.7_1&  QX3.0_2&  QX3.0_1|
              QX3.0_5&  QX3.0_4&  QX3.1_2&  QX3.1_1&  QX3.2_2&  QX3.2_1&  QX3.3_2&  QX3.3_1&
              QX3.4_2&  QX3.4_1&  QX3.5_2&  QX3.5_1&  QX3.6_2&  QX3.6_1&  QX3.7_2|  QX3.7_1&
              QX4.0_2&  QX4.0_1|  QX4.0_5&  QX4.0_4&  QX4.1_2&  QX4.1_1&  QX4.2_2&  QX4.2_1&
              QX4.3_2&  QX4.3_1&  QX4.4_2&  QX4.4_1&  QX4.5_2&  QX4.5_1&  QX4.6_2&  QX4.6_1&
              QX4.7_2|  QX4.7_1&  QX5.0_2&  QX5.0_1|  QX5.0_5&  QX5.0_4&  QX5.1_2&  QX5.1_1&
              QX5.2_2&  QX5.2_1&  QX5.3_2&  QX5.3_1&  QX5.4_2&  QX5.4_1&  QX5.5_2&  QX5.5_1&
              QX5.6_2&  QX5.6_1&  QX5.7_2|  QX5.7_1&  QX6.0_2&  QX6.0_1|  QX6.0_5&  QX6.0_4&
              QX6.1_2&  QX6.1_1&  QX6.2_2&  QX6.2_1&  QX6.3_2&  QX6.3_1&  QX6.4_2&  QX6.4_1&
              QX6.5_2&  QX6.5_1&  QX6.6_2&  QX6.6_1&  QX6.7_2|  QX6.7_1&  QX7.0_2&  QX7.0_1|
              QX7.0_5&  QX7.0_4&  QX7.1_2&  QX7.1_1&  QX7.2_2&  QX7.2_1&  QX7.3_2&  QX7.3_1&
              QX7.4_2&  QX7.4_1&  QX7.5_2&  QX7.5_1&  QX7.6_2&  QX7.6_1&  QX7.7_2|  QX7.7_1&
c0_1    |  C  c0:
d0      @  A  IB8[
f0      +    ~b0_3&   b0_4&
iClock  :  :  t_2|    t_1|    b0_3&   c0_1|
t       !  !  b0_4&
t_1     |  T  t!
t_2     |  T  t!

******* NET STATISTICS  ************************

ARN	+      1 blocks
AND	&    137 blocks
OR	|     93 blocks
FF	#     73 blocks
VF	>      1 blocks
INPW	[      1 blocks
INPX	<     14 blocks
CLK	:      2 blocks
TIM	!      1 blocks
ALIAS	@      9

TOTAL	     323 blocks
	    1039 links

compiled by:
@(#)     $Id: barfy.lst,v 1.1 2015/05/24 00:51:50 jw Exp $ -O7

C OUTPUT: ./Test0/barfy.c  (597 lines)
