******* ./Test0/h2.ic   ************************
001	/********************************************************************
002	 *
003	 *	simple iC program with arrays
004	 *
005	 *******************************************************************/
006
007	%{
008	#include	<stdio.h>
009	%}
010
011	    if (IX0.0) {
012		int n;
013		for (n = 0; n <= 0; n++) {
014		    printf("%d: Hello Nr. %d\n", n, 0);
015		}
016	    }


	_f1_1   F ---{                          // (2)

	iClock  : ---|  _f1_1   F
	IX0.0     ---|

017	    if (IX0.1) {
018		int n;
019		for (n = 0; n <= 1; n++) {
020		    printf("%d: Hello Nr. %d\n", n, 1);
021		}
022	    }


	_f2_1   F ---{                          // (3)

	iClock  : ---|  _f2_1   F
	IX0.1     ---|

023	    if (IX0.2) {
024		int n;
025		for (n = 0; n <= 2; n++) {
026		    printf("%d: Hello Nr. %d\n", n, 2);
027		}
028	    }


	_f3_1   F ---{                          // (4)

	iClock  : ---|  _f3_1   F
	IX0.2     ---|

029	    if (IX0.3) {
030		int n;
031		for (n = 0; n <= 3; n++) {
032		    printf("%d: Hello Nr. %d\n", n, 3);
033		}
034	    }


	_f4_1   F ---{                          // (5)

	iClock  : ---|  _f4_1   F
	IX0.3     ---|

035	    if (IX0.4) {
036		int n;
037		for (n = 0; n <= 4; n++) {
038		    printf("%d: Hello Nr. %d\n", n, 4);
039		}
040	    }


	_f5_1   F ---{                          // (6)

	iClock  : ---|  _f5_1   F
	IX0.4     ---|

041	    if (IX0.5) {
042		int n;
043		for (n = 0; n <= 5; n++) {
044		    printf("%d: Hello Nr. %d\n", n, 5);
045		}
046	    }


	_f6_1   F ---{                          // (7)

	iClock  : ---|  _f6_1   F
	IX0.5     ---|

047	    if (IX0.6) {
048		int n;
049		for (n = 0; n <= 6; n++) {
050		    printf("%d: Hello Nr. %d\n", n, 6);
051		}
052	    }


	_f7_1   F ---{                          // (8)

	iClock  : ---|  _f7_1   F
	IX0.6     ---|

053	    if (IX0.7) {
054		int n;
055		for (n = 0; n <= 7; n++) {
056		    printf("%d: Hello Nr. %d\n", n, 7);
057		}
058	    }


	_f8_1   F ---{                          // (9)

	iClock  : ---|  _f8_1   F
	IX0.7     ---|

059	    if (IX1.0) {
060		int n;
061		for (n = 0; n <= 8; n++) {
062		    printf("%d: Hello Nr. %d\n", n, 8);
063		}
064	    }


	_f9_1   F ---{                          // (10)

	iClock  : ---|  _f9_1   F
	IX1.0     ---|

065	    if (IX1.1) {
066		int n;
067		for (n = 0; n <= 9; n++) {
068		    printf("%d: Hello Nr. %d\n", n, 9);
069		}
070	    }


	_f10_1  F ---{                          // (11)

	iClock  : ---|  _f10_1  F
	IX1.1     ---|

******* C CODE          ************************

007
008	    #include	<stdio.h>
009

011	(2) {
012		int n;
013		for (n = 0; n <= 0; n++) {
014		    printf("%d: Hello Nr. %d\n", n, 0);
015		}
016	    }

017	(3) {
018		int n;
019		for (n = 0; n <= 1; n++) {
020		    printf("%d: Hello Nr. %d\n", n, 1);
021		}
022	    }

023	(4) {
024		int n;
025		for (n = 0; n <= 2; n++) {
026		    printf("%d: Hello Nr. %d\n", n, 2);
027		}
028	    }

029	(5) {
030		int n;
031		for (n = 0; n <= 3; n++) {
032		    printf("%d: Hello Nr. %d\n", n, 3);
033		}
034	    }

035	(6) {
036		int n;
037		for (n = 0; n <= 4; n++) {
038		    printf("%d: Hello Nr. %d\n", n, 4);
039		}
040	    }

041	(7) {
042		int n;
043		for (n = 0; n <= 5; n++) {
044		    printf("%d: Hello Nr. %d\n", n, 5);
045		}
046	    }

047	(8) {
048		int n;
049		for (n = 0; n <= 6; n++) {
050		    printf("%d: Hello Nr. %d\n", n, 6);
051		}
052	    }

053	(9) {
054		int n;
055		for (n = 0; n <= 7; n++) {
056		    printf("%d: Hello Nr. %d\n", n, 7);
057		}
058	    }

059	(10) {
060		int n;
061		for (n = 0; n <= 8; n++) {
062		    printf("%d: Hello Nr. %d\n", n, 8);
063		}
064	    }

065	(11) {
066		int n;
067		for (n = 0; n <= 9; n++) {
068		    printf("%d: Hello Nr. %d\n", n, 9);
069		}
070	    }

******* NET TOPOLOGY    ************************

IX0.0   <     _f1_1|
IX0.1   <     _f2_1|
IX0.2   <     _f3_1|
IX0.3   <     _f4_1|
IX0.4   <     _f5_1|
IX0.5   <     _f6_1|
IX0.6   <     _f7_1|
IX0.7   <     _f8_1|
IX1.0   <     _f9_1|
IX1.1   <     _f10_1|
_f10_1  |  F { (11)
_f1_1   |  F { (2)
_f2_1   |  F { (3)
_f3_1   |  F { (4)
_f4_1   |  F { (5)
_f5_1   |  F { (6)
_f6_1   |  F { (7)
_f7_1   |  F { (8)
_f8_1   |  F { (9)
_f9_1   |  F { (10)
iClock  :  :  _f1_1|   _f2_1|   _f3_1|   _f4_1|   _f5_1|   _f6_1|   _f7_1|   _f8_1|
              _f9_1|   _f10_1|

******* NET STATISTICS  ************************

OR	|     10 blocks
INPX	<     10 blocks
CLK	:      1 blocks

TOTAL	      21 blocks
	      60 links

compiled by:
$Revision: icc_2.6-13-gb7cd1b3-dirty $ -O7

C OUTPUT: ./Test0/h2.c  (205 lines)
