******* ./Test0/h8.ic   ************************
001	/********************************************************************
002	 *
003	 *	simple iC program with arrays
004	 *
005	 *******************************************************************/
006
007	%{
008	#include	<stdio.h>
009	%}
010
011	    if (IX0.0) {
012		printf("%d: Immediate Nr. %d\n", 0, 2);	/* { */
013	    }


	_f1_1   F ---{                          // (2)

	iClock  : ---|  _f1_1   F
	IX0.0     ---|

014	    if (IX0.1) {
015		printf("%d: Immediate Nr. %d\n", 1, 2);	/* { */
016	    }


	_f2_1   F ---{                          // (3)

	iClock  : ---|  _f2_1   F
	IX0.1     ---|

017	    if (IX0.2) {
018		printf("%d: Immediate Nr. %d\n", 2, 2);	/* { */
019	    }


	_f3_1   F ---{                          // (4)

	iClock  : ---|  _f3_1   F
	IX0.2     ---|

020	QX0.7 = IX0.6 & IX0.7;

	IX0.6     ---&  QX0.7
	IX0.7     ---&


	QX0.7     ---|  QX0.7_0 X

******* C CODE          ************************

007
008	#include	<stdio.h>
009

011	(2) {
012		printf("%d: Immediate Nr. %d\n", 0, 2);	/* { */
013	    }

014	(3) {
015		printf("%d: Immediate Nr. %d\n", 1, 2);	/* { */
016	    }

017	(4) {
018		printf("%d: Immediate Nr. %d\n", 2, 2);	/* { */
019	    }

******* NET TOPOLOGY    ************************

IX0.0   <     _f1_1|
IX0.1   <     _f2_1|
IX0.2   <     _f3_1|
IX0.6   <     QX0.7&
IX0.7   <     QX0.7&
QX0.7   &     QX0.7_0|
QX0.7_0 |  X
_f1_1   |  F { (2)
_f2_1   |  F { (3)
_f3_1   |  F { (4)
iClock  :  :  _f1_1|  _f2_1|  _f3_1|

******* NET STATISTICS  ************************

AND	&      1 blocks
OR	|      4 blocks
INPX	<      5 blocks
CLK	:      1 blocks

TOTAL	      11 blocks
	      27 links

compiled by:
$Revision: icc_3.1-dirty $ -O7

C OUTPUT: ./Test0/h8.c  (90 lines)
