******* ./Test0/minus.ic ************************
001	/********************************************************************
002	 *
003	 *	test negative constatnts with iClive
004	 *
005	 *******************************************************************/
006
007	QB1 = -1;

	-1      A ---@  QB1     A       -1


	-1      A ---+  QB1_0   W       -1      // 1

008	QW2 = - 999;

	-999    A ---@  QW2     A       -999


	-999    A ---+  QW2_0   W       -999    // 1

009	QL4 = -		1001;

	-1001   A ---@  QL4     A       -1001


	-1001   A ---+  QL4_0   W       -1001   // 1


******* NET TOPOLOGY    ************************

-1      =  A  QB1_0+
-1001   =  A  QL4_0+
-999    =  A  QW2_0+
QB1     @  A  -1=
QB1_0   +  W
QL4     @  A  -1001=
QL4_0   +  W
QW2     @  A  -999=
QW2_0   +  W

******* NET STATISTICS  ************************

ARN	+      3 blocks
NCONST	=      3 blocks
ALIAS	@      3

TOTAL	       6 blocks
	       6 links

compiled by:
$Revision: icc_2.6-6-ge1cef2e-dirty $ -O7

C OUTPUT: ./Test0/minus.c  (44 lines)
