******* ./Test0/n1.ic   ************************
001	/********************************************************************
002	 *
003	 *	Test n1.ic
004	 *
005	 *******************************************************************/
006
007	imm bit a, b, c, d;
008
009	a = IX0.0 & IX0.1;

	IX0.0     ---&  a
	IX0.1     ---&

010	b = IX0.2 & IX0.3;

	IX0.2     ---&  b
	IX0.3     ---&

011	c = a | b;

	a         ---|  c
	b         ---|

012	d = a ^ b;

	a         ---^  d
	b         ---^

013
014	QX0.0 = a;

	a         ---@  QX0.0


	a         ---|  QX0.0_0 X

015	QX0.1 = b;

	b         ---@  QX0.1


	b         ---|  QX0.1_0 X

016	QX0.2 = c;

	c         ---@  QX0.2


	c         ---|  QX0.2_0 X

017	QX0.3 = d;

	d         ---@  QX0.3


	d         ---|  QX0.3_0 X


******* NET TOPOLOGY    ************************

IX0.0   <     a&
IX0.1   <     a&
IX0.2   <     b&
IX0.3   <     b&
QX0.0   @     a&
QX0.0_0 |  X
QX0.1   @     b&
QX0.1_0 |  X
QX0.2   @     c|
QX0.2_0 |  X
QX0.3   @     d^
QX0.3_0 |  X
a       &     c|        d^        QX0.0_0|
b       &     c|        d^        QX0.1_0|
c       |     QX0.2_0|
d       ^     QX0.3_0|

******* NET STATISTICS  ************************

XOR	^      1 blocks
AND	&      2 blocks
OR	|      5 blocks
INPX	<      4 blocks
ALIAS	@      4

TOTAL	      12 blocks
	      28 links

compiled by:
@(#)     $Id: n1.lst,v 1.1 2015/05/24 00:51:54 jw Exp $ -O7

C OUTPUT: ./Test0/n1.c  (56 lines)
