******* ./Test0/srx1.ic ************************
001	imm clock clk1 = CLOCK(IX0.6, ~IX0.6);

	clk1_1  C ---:  clk1    :
	clk1_2  C ---:

	iClock  : ---|  clk1_1  C
	IX0.6     ---|

	iClock  : ---|  clk1_2  C
	IX0.6   ~ ---|

002	imm clock clk2 = CLOCK(IX0.7, ~IX0.7);

	clk2_1  C ---:  clk2    :
	clk2_2  C ---:

	iClock  : ---|  clk2_1  C
	IX0.7     ---|

	iClock  : ---|  clk2_2  C
	IX0.7   ~ ---|

003	QX0.0 = SRX(IX0.0, IX0.1);

	QX0.0_1 S ---#  QX0.0
	QX0.0_2 R ---#

	iClock  : ---&  QX0.0_1 S
	IX0.0     ---&
	IX0.1   ~ ---&

	iClock  : ---&  QX0.0_2 R
	IX0.0   ~ ---&
	IX0.1     ---&


	QX0.0     ---|  QX0.0_0 X

004	QX0.1 = SRX(IX0.0, IX0.1, clk2);

	QX0.1_1 S ---#  QX0.1
	QX0.1_2 R ---#

	clk2    : ---&  QX0.1_1 S
	IX0.0     ---&
	IX0.1   ~ ---&

	clk2    : ---&  QX0.1_2 R
	IX0.0   ~ ---&
	IX0.1     ---&


	QX0.1     ---|  QX0.1_0 X

005	QX0.2 = SRX(IX0.0, clk1, IX0.1, clk2);

	QX0.2_1 S ---#  QX0.2
	QX0.2_2 R ---#

	clk1    : ---&  QX0.2_1 S
	IX0.0     ---&
	IX0.1   ~ ---&

	clk2    : ---&  QX0.2_2 R
	IX0.0   ~ ---&
	IX0.1     ---&


	QX0.2     ---|  QX0.2_0 X


******* NET TOPOLOGY    ************************

IX0.0   <    ~QX0.0_2&  QX0.0_1& ~QX0.1_2&  QX0.1_1& ~QX0.2_2&  QX0.2_1&
IX0.1   <     QX0.0_2& ~QX0.0_1&  QX0.1_2& ~QX0.1_1&  QX0.2_2& ~QX0.2_1&
IX0.6   <    ~clk1_2|  clk1_1|
IX0.7   <    ~clk2_2|  clk2_1|
QX0.0   #     QX0.0_0|
QX0.0_0 |  X
QX0.0_1 &  S  QX0.0#
QX0.0_2 &  R  QX0.0#
QX0.1   #     QX0.1_0|
QX0.1_0 |  X
QX0.1_1 &  S  QX0.1#
QX0.1_2 &  R  QX0.1#
QX0.2   #     QX0.2_0|
QX0.2_0 |  X
QX0.2_1 &  S  QX0.2#
QX0.2_2 &  R  QX0.2#
clk1    :  :  QX0.2_1&
clk1_1  |  C  clk1:
clk1_2  |  C  clk1:
clk2    :  :  QX0.1_2&  QX0.1_1&  QX0.2_2&
clk2_1  |  C  clk2:
clk2_2  |  C  clk2:
iClock  :  :  clk1_2|   clk1_1|   clk2_2|   clk2_1|   QX0.0_2&  QX0.0_1&

******* NET STATISTICS  ************************

AND	&      6 blocks
OR	|      7 blocks
FF	#      3 blocks
INPX	<      4 blocks
CLK	:      3 blocks

TOTAL	      23 blocks
	      63 links

compiled by:
@(#)     $Id: srx1.lst,v 1.1 2015/05/24 00:51:59 jw Exp $ -O7

C OUTPUT: ./Test0/srx1.c  (67 lines)
